Archive member included because of file (symbol)

contiki-z1.a(contiki-z1-plat)
                              obj_z1/contiki-z1-main.o (init_platform)
contiki-z1.a(msp430.o)        obj_z1/contiki-z1-main.o (splhigh_)
contiki-z1.a(leds.o)          obj_z1/contiki-z1-main.o (leds_init)
contiki-z1.a(watchdog.o)      obj_z1/contiki-z1-main.o (watchdog_start)
contiki-z1.a(xmem.o)          obj_z1/contiki-z1-main.o (xmem_init)
contiki-z1.a(spi.o)           contiki-z1.a(xmem.o) (spi_init)
contiki-z1.a(cc2420.o)        obj_z1/contiki-z1-main.o (cc2420_set_pan_addr)
contiki-z1.a(cc2420-arch.o)   contiki-z1.a(cc2420.o) (cc2420_arch_init)
contiki-z1.a(node-id.o)       obj_z1/contiki-z1-main.o (node_id_restore)
contiki-z1.a(sensors.o)       contiki-z1.a(contiki-z1-plat) (sensors_process)
contiki-z1.a(button-sensor.o)
                              obj_z1/contiki-z1-main.o (button_sensor)
contiki-z1.a(uart0.o)         obj_z1/contiki-z1-main.o (uart0_active)
contiki-z1.a(uart0-putchar.o)
                              receiver_UDP.co (putchar)
contiki-z1.a(adxl345.o)       obj_z1/contiki-z1-main.o (accm_init)
contiki-z1.a(clock.o)         obj_z1/contiki-z1-main.o (clock_init)
contiki-z1.a(leds-arch.o)     contiki-z1.a(leds.o) (leds_arch_init)
contiki-z1.a(rtimer-arch.o)   obj_z1/contiki-z1-main.o (rtimer_arch_now)
contiki-z1.a(autostart.o)     obj_z1/contiki-z1-main.o (autostart_start)
contiki-z1.a(ctimer.o)        obj_z1/contiki-z1-main.o (ctimer_init)
contiki-z1.a(energest.o)      obj_z1/contiki-z1-main.o (energest_init)
contiki-z1.a(etimer.o)        contiki-z1.a(clock.o) (etimer_request_poll)
contiki-z1.a(process.o)       contiki-z1.a(ctimer.o) (process_current)
contiki-z1.a(rtimer.o)        obj_z1/contiki-z1-main.o (rtimer_init)
contiki-z1.a(timer.o)         contiki-z1.a(button-sensor.o) (timer_set)
contiki-z1.a(list.o)          contiki-z1.a(ctimer.o) (list_init)
contiki-z1.a(sicslowpan.o)    obj_z1/contiki-z1-main.o (sicslowpan_driver)
contiki-z1.a(uip6.o)          contiki-z1.a(sicslowpan.o) (uip_aligned_buf)
contiki-z1.a(uip-ds6.o)       contiki-z1.a(uip6.o) (uip_ds6_is_addr_onlink)
contiki-z1.a(uip-ds6-nbr.o)   contiki-z1.a(uip-ds6.o) (uip_ds6_neighbors_init)
contiki-z1.a(uip-ds6-route.o)
                              contiki-z1.a(uip-ds6.o) (uip_ds6_route_init)
contiki-z1.a(uip-icmp6.o)     contiki-z1.a(uip6.o) (uip_icmp6_input)
contiki-z1.a(uip-nd6.o)       contiki-z1.a(uip-ds6-nbr.o) (uip_nd6_ns_output)
contiki-z1.a(simple-udp.o)    receiver_UDP.co (simple_udp_sendto)
contiki-z1.a(tcpip.o)         contiki-z1.a(sicslowpan.o) (tcpip_set_outputfunc)
contiki-z1.a(uip-debug.o)     receiver_UDP.co (uip_debug_ipaddr_print)
contiki-z1.a(uip-udp-packet.)
                              contiki-z1.a(simple-udp.o) (uip_udp_packet_sendto)
contiki-z1.a(rpl.o)           contiki-z1.a(uip-ds6-nbr.o) (rpl_link_neighbor_callback)
contiki-z1.a(rpl-dag.o)       contiki-z1.a(rpl.o) (default_instance)
contiki-z1.a(rpl-ext-header.)
                              contiki-z1.a(uip6.o) (rpl_verify_header)
contiki-z1.a(rpl-icmp6.o)     contiki-z1.a(rpl.o) (dao_output_target)
contiki-z1.a(rpl-mrhof.o)     contiki-z1.a(rpl.o) (rpl_mrhof)
contiki-z1.a(rpl-timers.o)    contiki-z1.a(rpl.o) (rpl_reset_periodic_timer)
contiki-z1.a(linkaddr.o)      obj_z1/contiki-z1-main.o (linkaddr_copy)
contiki-z1.a(nbr-table.o)     contiki-z1.a(uip-ds6-nbr.o) (nbr_table_register)
contiki-z1.a(packetbuf.o)     contiki-z1.a(cc2420.o) (packetbuf_set_datalen)
contiki-z1.a(queuebuf.o)      obj_z1/contiki-z1-main.o (queuebuf_init)
contiki-z1.a(csma.o)          obj_z1/contiki-z1-main.o (csma_driver)
contiki-z1.a(framer-802154.o)
                              contiki-z1.a(sicslowpan.o) (framer_802154)
contiki-z1.a(framer.o)        contiki-z1.a(framer-802154.o) (framer_canonical_create_and_secure)
contiki-z1.a(mac.o)           contiki-z1.a(csma.o) (mac_call_sent_callback)
contiki-z1.a(contikimac.o)    obj_z1/contiki-z1-main.o (contikimac_driver)
contiki-z1.a(nullsec.o)       contiki-z1.a(sicslowpan.o) (nullsec_driver)
contiki-z1.a(i2cmaster.o)     contiki-z1.a(adxl345.o) (i2c_receiveinit)
contiki-z1.a(stimer.o)        contiki-z1.a(uip-ds6.o) (stimer_set)
contiki-z1.a(memb.o)          contiki-z1.a(uip-ds6-route.o) (memb_init)
contiki-z1.a(random.o)        contiki-z1.a(uip-ds6.o) (random_rand)
contiki-z1.a(frame802154.o)   contiki-z1.a(framer-802154.o) (frame802154_hdrlen)
contiki-z1.a(mac-sequence.o)  contiki-z1.a(contikimac.o) (mac_sequence_is_duplicate)
/usr/local/msp430/bin/../lib/gcc/msp430/4.7.0/mcpu-430x/mmpy-16/msr20/mc20/libgcc.a(_mulsi3.o)
                              contiki-z1.a(rpl-timers.o) (__mulsi3)
/usr/local/msp430/bin/../lib/gcc/msp430/4.7.0/mcpu-430x/mmpy-16/msr20/mc20/libgcc.a(_udivmod16.o)
                              contiki-z1.a(rpl-dag.o) (__udivhi3)
/usr/local/msp430/bin/../lib/gcc/msp430/4.7.0/mcpu-430x/mmpy-16/msr20/mc20/libgcc.a(_divmod16.o)
                              contiki-z1.a(sicslowpan.o) (__divhi3)
[...]
Memory Configuration

Name             Origin             Length             Attributes
sfr              0x00000000         0x00000010
peripheral_8bit  0x00000010         0x000000f0
peripheral_16bit 0x00000100         0x00000100
ram_mirror       0x00000200         0x00000800         xw
infomem          0x00001000         0x00000100
infod            0x00001000         0x00000040
infoc            0x00001040         0x00000040
infob            0x00001080         0x00000040
infoa            0x000010c0         0x00000040
ram              0x00001100         0x00002000         xw
rom              0x00003100         0x0000cebe         xr
vectors          0x0000ffc0         0x00000040
far_rom          0x00010000         0x0000a000
bsl              0x00000000         0x00000000
ram2             0x00000000         0x00000000         xw
usbram           0x00000000         0x00000000         xw
*default*        0x00000000         0xffffffff

Linker script and memory map

LOAD /usr/local/msp430/bin/../lib/gcc/msp430/4.7.0/mcpu-430x/mmpy-16/msr20/mc20/crt0ivtbl32.o
                0x00000041                __P1SEL2 = 0x41
                0x00000045                __P5SEL2 = 0x45
LOAD receiver_UDP.co
LOAD obj_z1/contiki-z1-main.o
LOAD contiki-z1.a
LOAD /usr/local/msp430/bin/../lib/gcc/msp430/4.7.0/mcpu-430x/mmpy-16/msr20/mc20/libgcc.a
LOAD /usr/local/msp430/bin/../lib/gcc/msp430/4.7.0/../../../../msp430/lib/mcpu-430x/mmpy-16/msr20/mc20/libc.a
LOAD /usr/local/msp430/bin/../lib/gcc/msp430/4.7.0/mcpu-430x/mmpy-16/msr20/mc20/libgcc.a
LOAD /usr/local/msp430/bin/../lib/gcc/msp430/4.7.0/mcpu-430x/mmpy-16/msr20/mc20/libcrt0.a
                0x00000040                PROVIDE (__info_segment_size, 0x40)
                0x00001000                PROVIDE (__infod, 0x1000)
                0x00001040                PROVIDE (__infoc, 0x1040)
                0x00001080                PROVIDE (__infob, 0x1080)
                0x000010c0                PROVIDE (__infoa, 0x10c0)
                0x00000000                __IE1 = 0x0
                0x00000002                __IFG1 = 0x2
                0x00000001                __IE2 = 0x1
                0x00000003                __IFG2 = 0x3
                0x00000006                __UC1IE = 0x6
                0x00000007                __UC1IFG = 0x7
                0x000001a0                __ADC12CTL0 = 0x1a0
                0x000001a2                __ADC12CTL1 = 0x1a2
                0x000001a4                __ADC12IFG = 0x1a4
                0x000001a6                __ADC12IE = 0x1a6
                0x000001a8                __ADC12IV = 0x1a8
                0x00000140                __ADC12MEM0 = 0x140
                0x00000142                __ADC12MEM1 = 0x142
                0x00000144                __ADC12MEM2 = 0x144
                0x00000146                __ADC12MEM3 = 0x146
                0x00000148                __ADC12MEM4 = 0x148
                0x0000014a                __ADC12MEM5 = 0x14a
                0x0000014c                __ADC12MEM6 = 0x14c
                0x0000014e                __ADC12MEM7 = 0x14e
                0x00000150                __ADC12MEM8 = 0x150
                0x00000152                __ADC12MEM9 = 0x152
                0x00000154                __ADC12MEM10 = 0x154
                0x00000156                __ADC12MEM11 = 0x156
                0x00000158                __ADC12MEM12 = 0x158
                0x0000015a                __ADC12MEM13 = 0x15a
                0x0000015c                __ADC12MEM14 = 0x15c
                0x0000015e                __ADC12MEM15 = 0x15e
                0x00000080                __ADC12MCTL0 = 0x80
                0x00000081                __ADC12MCTL1 = 0x81
                0x00000082                __ADC12MCTL2 = 0x82
                0x00000083                __ADC12MCTL3 = 0x83
                0x00000084                __ADC12MCTL4 = 0x84
                0x00000085                __ADC12MCTL5 = 0x85
                0x00000086                __ADC12MCTL6 = 0x86
                0x00000087                __ADC12MCTL7 = 0x87
                0x00000088                __ADC12MCTL8 = 0x88
                0x00000089                __ADC12MCTL9 = 0x89
                0x0000008a                __ADC12MCTL10 = 0x8a
                0x0000008b                __ADC12MCTL11 = 0x8b
                0x0000008c                __ADC12MCTL12 = 0x8c
                0x0000008d                __ADC12MCTL13 = 0x8d
                0x0000008e                __ADC12MCTL14 = 0x8e
                0x0000008f                __ADC12MCTL15 = 0x8f
                0x00000056                __DCOCTL = 0x56
                0x00000057                __BCSCTL1 = 0x57
                0x00000058                __BCSCTL2 = 0x58
                0x00000053                __BCSCTL3 = 0x53
                0x00000059                __CACTL1 = 0x59
                0x0000005a                __CACTL2 = 0x5a
                0x0000005b                __CAPD = 0x5b
                0x000001c0                __DAC12_0CTL = 0x1c0
                0x000001c2                __DAC12_1CTL = 0x1c2
                0x000001c8                __DAC12_0DAT = 0x1c8
                0x000001ca                __DAC12_1DAT = 0x1ca
                0x00000122                __DMACTL0 = 0x122
                0x00000124                __DMACTL1 = 0x124
                0x00000126                __DMAIV = 0x126
                0x000001d0                __DMA0CTL = 0x1d0
                0x000001dc                __DMA1CTL = 0x1dc
                0x000001e8                __DMA2CTL = 0x1e8
                0x000001d2                __DMA0SA = 0x1d2
                0x000001d2                __DMA0SAL = 0x1d2
                0x000001d6                __DMA0DA = 0x1d6
                0x000001d6                __DMA0DAL = 0x1d6
                0x000001da                __DMA0SZ = 0x1da
                0x000001de                __DMA1SA = 0x1de
                0x000001de                __DMA1SAL = 0x1de
                0x000001e2                __DMA1DA = 0x1e2
                0x000001e2                __DMA1DAL = 0x1e2
                0x000001e6                __DMA1SZ = 0x1e6
                0x000001ea                __DMA2SA = 0x1ea
                0x000001ea                __DMA2SAL = 0x1ea
                0x000001ee                __DMA2DA = 0x1ee
                0x000001ee                __DMA2DAL = 0x1ee
                0x000001f2                __DMA2SZ = 0x1f2
                0x00000128                __FCTL1 = 0x128
                0x0000012a                __FCTL2 = 0x12a
                0x0000012c                __FCTL3 = 0x12c
                0x000001be                __FCTL4 = 0x1be
                0x00000130                __MPY = 0x130
                0x00000132                __MPYS = 0x132
                0x00000134                __MAC = 0x134
                0x00000136                __MACS = 0x136
                0x00000138                __OP2 = 0x138
                0x0000013a                __RESLO = 0x13a
                0x0000013c                __RESHI = 0x13c
                0x0000013e                __SUMEXT = 0x13e
                0x00000020                __P1IN = 0x20
                0x00000021                __P1OUT = 0x21
                0x00000022                __P1DIR = 0x22
                0x00000023                __P1IFG = 0x23
                0x00000024                __P1IES = 0x24
                0x00000025                __P1IE = 0x25
                0x00000026                __P1SEL = 0x26
                0x00000027                __P1REN = 0x27
                0x00000028                __P2IN = 0x28
                0x00000029                __P2OUT = 0x29
                0x0000002a                __P2DIR = 0x2a
                0x0000002b                __P2IFG = 0x2b
                0x0000002c                __P2IES = 0x2c
                0x0000002d                __P2IE = 0x2d
                0x0000002e                __P2SEL = 0x2e
                0x0000002f                __P2REN = 0x2f
                0x00000018                __P3IN = 0x18
                0x00000019                __P3OUT = 0x19
                0x0000001a                __P3DIR = 0x1a
                0x0000001b                __P3SEL = 0x1b
                0x00000010                __P3REN = 0x10
                0x0000001c                __P4IN = 0x1c
                0x0000001d                __P4OUT = 0x1d
                0x0000001e                __P4DIR = 0x1e
                0x0000001f                __P4SEL = 0x1f
                0x00000011                __P4REN = 0x11
                0x00000030                __P5IN = 0x30
                0x00000031                __P5OUT = 0x31
                0x00000032                __P5DIR = 0x32
                0x00000033                __P5SEL = 0x33
                0x00000012                __P5REN = 0x12
                0x00000034                __P6IN = 0x34
                0x00000035                __P6OUT = 0x35
                0x00000036                __P6DIR = 0x36
                0x00000037                __P6SEL = 0x37
                0x00000013                __P6REN = 0x13
                0x00000038                __P7IN = 0x38
                0x0000003a                __P7OUT = 0x3a
                0x0000003c                __P7DIR = 0x3c
                0x0000003e                __P7SEL = 0x3e
                0x00000014                __P7REN = 0x14
                0x00000039                __P8IN = 0x39
                0x0000003b                __P8OUT = 0x3b
                0x0000003d                __P8DIR = 0x3d
                0x0000003f                __P8SEL = 0x3f
                0x00000015                __P8REN = 0x15
                0x00000038                __PAIN = 0x38
                0x0000003a                __PAOUT = 0x3a
                0x0000003c                __PADIR = 0x3c
                0x0000003e                __PASEL = 0x3e
                0x00000014                __PAREN = 0x14
                0x00000055                __SVSCTL = 0x55
                0x0000012e                __TAIV = 0x12e
                0x00000160                __TACTL = 0x160
                0x00000162                __TACCTL0 = 0x162
                0x00000164                __TACCTL1 = 0x164
                0x00000166                __TACCTL2 = 0x166
                0x00000170                __TAR = 0x170
                0x00000172                __TACCR0 = 0x172
                0x00000174                __TACCR1 = 0x174
                0x00000176                __TACCR2 = 0x176
                0x0000011e                __TBIV = 0x11e
                0x00000180                __TBCTL = 0x180
                0x00000182                __TBCCTL0 = 0x182
                0x00000184                __TBCCTL1 = 0x184
                0x00000186                __TBCCTL2 = 0x186
                0x00000188                __TBCCTL3 = 0x188
                0x0000018a                __TBCCTL4 = 0x18a
                0x0000018c                __TBCCTL5 = 0x18c
                0x0000018e                __TBCCTL6 = 0x18e
                0x00000190                __TBR = 0x190
                0x00000192                __TBCCR0 = 0x192
                0x00000194                __TBCCR1 = 0x194
                0x00000196                __TBCCR2 = 0x196
                0x00000198                __TBCCR3 = 0x198
                0x0000019a                __TBCCR4 = 0x19a
                0x0000019c                __TBCCR5 = 0x19c
                0x0000019e                __TBCCR6 = 0x19e
                0x00000060                __UCA0CTL0 = 0x60
                0x00000061                __UCA0CTL1 = 0x61
                0x00000062                __UCA0BR0 = 0x62
                0x00000063                __UCA0BR1 = 0x63
                0x00000064                __UCA0MCTL = 0x64
                0x00000065                __UCA0STAT = 0x65
                0x00000066                __UCA0RXBUF = 0x66
                0x00000067                __UCA0TXBUF = 0x67
                0x0000005d                __UCA0ABCTL = 0x5d
                0x0000005e                __UCA0IRTCTL = 0x5e
                0x0000005f                __UCA0IRRCTL = 0x5f
                0x00000068                __UCB0CTL0 = 0x68
                0x00000069                __UCB0CTL1 = 0x69
                0x0000006a                __UCB0BR0 = 0x6a
                0x0000006b                __UCB0BR1 = 0x6b
                0x0000006c                __UCB0I2CIE = 0x6c
                0x0000006d                __UCB0STAT = 0x6d
                0x0000006e                __UCB0RXBUF = 0x6e
                0x0000006f                __UCB0TXBUF = 0x6f
                0x00000118                __UCB0I2COA = 0x118
                0x0000011a                __UCB0I2CSA = 0x11a
                0x000000d0                __UCA1CTL0 = 0xd0
                0x000000d1                __UCA1CTL1 = 0xd1
                0x000000d2                __UCA1BR0 = 0xd2
                0x000000d3                __UCA1BR1 = 0xd3
                0x000000d4                __UCA1MCTL = 0xd4
                0x000000d5                __UCA1STAT = 0xd5
                0x000000d6                __UCA1RXBUF = 0xd6
                0x000000d7                __UCA1TXBUF = 0xd7
                0x000000cd                __UCA1ABCTL = 0xcd
                0x000000ce                __UCA1IRTCTL = 0xce
                0x000000cf                __UCA1IRRCTL = 0xcf
                0x000000d8                __UCB1CTL0 = 0xd8
                0x000000d9                __UCB1CTL1 = 0xd9
                0x000000da                __UCB1BR0 = 0xda
                0x000000db                __UCB1BR1 = 0xdb
                0x000000dc                __UCB1I2CIE = 0xdc
                0x000000dd                __UCB1STAT = 0xdd
                0x000000de                __UCB1RXBUF = 0xde
                0x000000df                __UCB1TXBUF = 0xdf
                0x0000017c                __UCB1I2COA = 0x17c
                0x0000017e                __UCB1I2CSA = 0x17e
                0x00000120                __WDTCTL = 0x120
                0x000010c0                __TLV_CHECKSUM = 0x10c0
                0x000010f6                __TLV_DCO_30_TAG = 0x10f6
                0x000010f7                __TLV_DCO_30_LEN = 0x10f7
                0x000010da                __TLV_ADC12_1_TAG = 0x10da
                0x000010db                __TLV_ADC12_1_LEN = 0x10db
                0x000010f8                __CALDCO_16MHZ = 0x10f8
                0x000010f9                __CALBC1_16MHZ = 0x10f9
                0x000010fa                __CALDCO_12MHZ = 0x10fa
                0x000010fb                __CALBC1_12MHZ = 0x10fb
                0x000010fc                __CALDCO_8MHZ = 0x10fc
                0x000010fd                __CALBC1_8MHZ = 0x10fd
                0x000010fe                __CALDCO_1MHZ = 0x10fe
                0x000010ff                __CALBC1_1MHZ = 0x10ff

.hash
 *(.hash)

.dynsym
 *(.dynsym)

.dynstr
 *(.dynstr)

.gnu.version
 *(.gnu.version)

.gnu.version_d
 *(.gnu.version_d)

.gnu.version_r
 *(.gnu.version_r)

.rel.init
 *(.rel.init)

.rela.init
 *(.rela.init)

.rel.fini
 *(.rel.fini)

.rela.fini
 *(.rela.fini)

.rel.text
 *(.rel.text .rel.text.* .rel.gnu.linkonce.t.*)

.rela.text
 *(.rela.text .rela.text.* .rela.gnu.linkonce.t.*)

.rel.rodata
 *(.rel.rodata .rel.rodata.* .rel.gnu.linkonce.r.*)

.rela.rodata
 *(.rela.rodata .rela.rodata.* .rela.gnu.linkonce.r.*)

.rel.data
 *(.rel.data .rel.data.* .rel.gnu.linkonce.d.*)

.rela.data
 *(.rela.data .rela.data.* .rela.gnu.linkonce.d.*)

.rel.bss
 *(.rel.bss .rel.bss.* .rel.gnu.linkonce.b.*)

.rela.bss
 *(.rela.bss .rela.bss.* .rela.gnu.linkonce.b.*)

.rel.ctors
 *(.rel.ctors)

.rela.ctors
 *(.rela.ctors)

.rel.dtors
 *(.rel.dtors)

.rela.dtors
 *(.rela.dtors)

.rel.got
 *(.rel.got)

.rela.got
 *(.rela.got)

.rel.plt
 *(.rel.plt)

.rela.plt
 *(.rela.plt)

.text           0x00003100     0xa422
                0x00003100                . = ALIGN (0x2)
 *(.init .init.*)
 *(.init0)
 .init0         0x00003100        0x0 /usr/local/msp430/bin/../lib/gcc/msp430/4.7.0/mcpu-430x/mmpy-16/msr20/mc20/libcrt0.a(_reset_vector__.o)
                0x00003100                _reset_vector__
 *(.init1)
 .init1         0x00003100        0xc /usr/local/msp430/bin/../lib/gcc/msp430/4.7.0/mcpu-430x/mmpy-16/msr20/mc20/libcrt0.a(__watchdog_support.o)
                0x00003100                __watchdog_support
 *(.init2)
 .init2         0x0000310c        0x4 /usr/local/msp430/bin/../lib/gcc/msp430/4.7.0/mcpu-430x/mmpy-16/msr20/mc20/libcrt0.a(__init_stack.o)
                0x0000310c                __init_stack
 *(.init3)
 .init3         0x00003110        0x0 /usr/local/msp430/bin/../lib/gcc/msp430/4.7.0/mcpu-430x/mmpy-16/msr20/mc20/libcrt0.a(__low_level_init.o)
                0x00003110                __low_level_init
 *(.init4)
 .init4         0x00003110       0x18 /usr/local/msp430/bin/../lib/gcc/msp430/4.7.0/mcpu-430x/mmpy-16/msr20/mc20/libcrt0.a(_copy_data.o)
                0x00003110                __do_copy_data
 .init4         0x00003128       0x16 /usr/local/msp430/bin/../lib/gcc/msp430/4.7.0/mcpu-430x/mmpy-16/msr20/mc20/libcrt0.a(_clear_bss.o)
                0x00003128                __do_clear_bss
 *(.init5)
 *(.init6)
 *(.init7)
 *(.init8)
 *(.init9)
 .init9         0x0000313e      0x35c obj_z1/contiki-z1-main.o
                0x0000313e                main
 *(.fini9)
 .fini9         0x0000349a        0x0 /usr/local/msp430/bin/../lib/gcc/msp430/4.7.0/mcpu-430x/mmpy-16/msr20/mc20/libcrt0.a(__stop_progExec__.o)
                0x0000349a                __stop_progExec__
 *(.fini8)
 *(.fini7)
 *(.fini6)
 *(.fini5)
 *(.fini4)
 *(.fini3)
 *(.fini2)
 *(.fini1)
 *(.fini0)
 .fini0         0x0000349a        0x6 /usr/local/msp430/bin/../lib/gcc/msp430/4.7.0/mcpu-430x/mmpy-16/msr20/mc20/libcrt0.a(_endless_loop__.o)
                0x0000349a                _endless_loop__
 *(.fini .fini.*)
                0x000034a0                . = ALIGN (0x2)
                0x000034a0                __ctors_start = .
 *(.ctors)
                0x000034a0                __ctors_end = .
                0x000034a0                __dtors_start = .
 *(.dtors)
                0x000034a0                __dtors_end = .
                0x000034a0                . = ALIGN (0x2)
 *(.text .text.* .gnu.linkonce.t.*)
 .text          0x000034a0        0x4 /usr/local/msp430/bin/../lib/gcc/msp430/4.7.0/mcpu-430x/mmpy-16/msr20/mc20/crt0ivtbl32.o
                0x000034a0                __isr_14
                0x000034a0                __isr_4
                0x000034a0                __isr_29
                0x000034a0                __isr_11
                0x000034a0                __isr_5
                0x000034a0                __isr_2
                0x000034a0                __isr_10
                0x000034a0                __isr_7
                0x000034a0                __isr_0
                0x000034a0                __isr_28
                0x000034a0                __isr_8
                0x000034a0                __isr_20
                0x000034a0                __isr_3
                0x000034a0                __isr_12
                0x000034a0                __isr_13
                0x000034a0                __isr_27
                0x000034a0                __isr_9
                0x000034a0                __isr_30
                0x000034a0                __isr_6
                0x000034a0                __isr_22
                0x000034a0                __isr_1
                0x000034a0                __isr_15
                0x000034a0                __isr_21
 .text.libgcc   0x000034a4       0x26 /usr/local/msp430/bin/../lib/gcc/msp430/4.7.0/mcpu-430x/mmpy-16/msr20/mc20/libgcc.a(_mulsi3.o)
                0x000034a4                __mulsi3
 .text.libgcc   0x000034ca       0x22 /usr/local/msp430/bin/../lib/gcc/msp430/4.7.0/mcpu-430x/mmpy-16/msr20/mc20/libgcc.a(_udivmod16.o)
                0x000034ca                __udivhi3
                0x000034ca                __ext_udivmod16
                0x000034e4                __umodhi3
 .text.libgcc   0x000034ec       0x3a /usr/local/msp430/bin/../lib/gcc/msp430/4.7.0/mcpu-430x/mmpy-16/msr20/mc20/libgcc.a(_divmod16.o)
                0x000034ec                __ext_divmod16
                0x000034ec                __divhi3
                0x0000351e                __modhi3
 .text.libgcc   0x00003526       0x38 /usr/local/msp430/bin/../lib/gcc/msp430/4.7.0/mcpu-430x/mmpy-16/msr20/mc20/libgcc.a(_udivmod32.o)
                0x00003526                __udivsi3
                0x00003526                __ext_udivmod32
                0x00003554                __umodsi3
 .text.printf   0x0000355e       0x10 /usr/local/msp430/bin/../lib/gcc/msp430/4.7.0/../../../../msp430/lib/mcpu-430x/mmpy-16/msr20/mc20/libc.a(printf.o)
                0x0000355e                printf
 .text.print_field
                0x0000356e      0x176 /usr/local/msp430/bin/../lib/gcc/msp430/4.7.0/../../../../msp430/lib/mcpu-430x/mmpy-16/msr20/mc20/libc.a(vuprintf.o)
 .text.vuprintf
                0x000036e4      0x74c /usr/local/msp430/bin/../lib/gcc/msp430/4.7.0/../../../../msp430/lib/mcpu-430x/mmpy-16/msr20/mc20/libc.a(vuprintf.o)
                0x000036e4                vuprintf
 .text.puts     0x00003e30       0x2c /usr/local/msp430/bin/../lib/gcc/msp430/4.7.0/../../../../msp430/lib/mcpu-430x/mmpy-16/msr20/mc20/libc.a(puts.o)
                0x00003e30                puts
 .text.rand     0x00003e5c       0x26 /usr/local/msp430/bin/../lib/gcc/msp430/4.7.0/../../../../msp430/lib/mcpu-430x/mmpy-16/msr20/mc20/libc.a(rand.o)
                0x00003e5c                rand
 .text.memcmp   0x00003e82       0x2c /usr/local/msp430/bin/../lib/gcc/msp430/4.7.0/../../../../msp430/lib/mcpu-430x/mmpy-16/msr20/mc20/libc.a(memcmp.o)
                0x00003e82                memcmp
 .text.memcpy   0x00003eae       0xe8 /usr/local/msp430/bin/../lib/gcc/msp430/4.7.0/../../../../msp430/lib/mcpu-430x/mmpy-16/msr20/mc20/libc.a(memcpy.o)
                0x00003eae                memcpy
 .text.memmove  0x00003f96       0xe8 /usr/local/msp430/bin/../lib/gcc/msp430/4.7.0/../../../../msp430/lib/mcpu-430x/mmpy-16/msr20/mc20/libc.a(memmove.o)
                0x00003f96                memmove
 .text.memset   0x0000407e       0x5c /usr/local/msp430/bin/../lib/gcc/msp430/4.7.0/../../../../msp430/lib/mcpu-430x/mmpy-16/msr20/mc20/libc.a(memset.o)
                0x0000407e                memset
 .text.libgcc   0x000040da       0xbc /usr/local/msp430/bin/../lib/gcc/msp430/4.7.0/mcpu-430x/mmpy-16/msr20/mc20/libgcc.a(_udivmod64.o)
                0x000040da                __xabi_udivmod64
                0x0000412c                __udivdi3
                0x00004146                __umoddi3
                0x00004168                __udivmoddi4
 .text.crt0     0x00004196        0x2 /usr/local/msp430/bin/../lib/gcc/msp430/4.7.0/mcpu-430x/mmpy-16/msr20/mc20/libcrt0.a(_unexpected_.o)
                0x00004196                _unexpected_
 *(.near.text .near.text.*)
 .near.text.watchdog_interrupt
                0x00004198        0x6 contiki-z1.a(watchdog.o)
                0x00004198                __isr_26
                0x00004198                watchdog_interrupt
 .near.text.irq_p2
                0x0000419e       0x76 contiki-z1.a(button-sensor.o)
                0x0000419e                irq_p2
                0x0000419e                __isr_19
 .near.text.uart0_rx_interrupt
                0x00004214       0x64 contiki-z1.a(uart0.o)
                0x00004214                __isr_23
                0x00004214                uart0_rx_interrupt
 .near.text.port1_isr
                0x00004278       0xbe contiki-z1.a(adxl345.o)
                0x00004278                port1_isr
                0x00004278                __isr_18
 .near.text.timera1
                0x00004336      0x10a contiki-z1.a(clock.o)
                0x00004336                __isr_24
                0x00004336                timera1
 .near.text.timera0
                0x00004440       0x5c contiki-z1.a(rtimer-arch.o)
                0x00004440                __isr_25
                0x00004440                timera0
 .near.text.i2c_tx_interrupt
                0x0000449c       0x84 contiki-z1.a(i2cmaster.o)
                0x0000449c                __isr_16
                0x0000449c                i2c_tx_interrupt
 .near.text.i2c_rx_interrupt
                0x00004520       0x14 contiki-z1.a(i2cmaster.o)
                0x00004520                i2c_rx_interrupt
                0x00004520                __isr_17
 .any.text.callback_function
                0x00004534       0x3e receiver_UDP.co
 .any.text.set_address
                0x00004572       0x42 receiver_UDP.co
                0x00004572                set_address
 .any.text.receive_udp_broadcast
                0x000045b4       0x1c receiver_UDP.co
                0x000045b4                receive_udp_broadcast
 .any.text.process_thread_rcv_process
                0x000045d0       0x30 receiver_UDP.co
 .any.text.init_platform
                0x00004600        0xc contiki-z1.a(contiki-z1-plat)
                0x00004600                init_platform
 .any.text.msp430_init_dco
                0x0000460c       0x28 contiki-z1.a(msp430.o)
                0x0000460c                msp430_init_dco
 .any.text.splhigh_
                0x00004634        0x8 contiki-z1.a(msp430.o)
                0x00004634                splhigh_
 .any.text.msp430_sync_dco
                0x0000463c       0x6e contiki-z1.a(msp430.o)
                0x0000463c                msp430_sync_dco
 .any.text.msp430_cpu_init
                0x000046aa       0x2a contiki-z1.a(msp430.o)
                0x000046aa                msp430_cpu_init
 .any.text.show_leds
                0x000046d4       0xe8 contiki-z1.a(leds.o)
 .any.text.leds_init
                0x000047bc        0xa contiki-z1.a(leds.o)
                0x000047bc                leds_init
 .any.text.leds_on
                0x000047c6        0xa contiki-z1.a(leds.o)
                0x000047c6                leds_on
 .any.text.leds_off
                0x000047d0        0xe contiki-z1.a(leds.o)
                0x000047d0                leds_off
 .any.text.watchdog_start
                0x000047de       0x14 contiki-z1.a(watchdog.o)
                0x000047de                watchdog_start
 .any.text.watchdog_periodic
                0x000047f2       0x12 contiki-z1.a(watchdog.o)
                0x000047f2                watchdog_periodic
 .any.text.watchdog_stop
                0x00004804       0x16 contiki-z1.a(watchdog.o)
                0x00004804                watchdog_stop
 .any.text.watchdog_init
                0x0000481a       0x12 contiki-z1.a(watchdog.o)
                0x0000481a                watchdog_init
 .any.text.wait_ready
                0x0000482c       0x46 contiki-z1.a(xmem.o)
 .any.text.xmem_init
                0x00004872       0x1e contiki-z1.a(xmem.o)
                0x00004872                xmem_init
 .any.text.xmem_pread
                0x00004890       0xc2 contiki-z1.a(xmem.o)
                0x00004890                xmem_pread
 .any.text.spi_init
                0x00004952       0x32 contiki-z1.a(spi.o)
                0x00004952                spi_init
 .any.text.get_object
                0x00004984        0x4 contiki-z1.a(cc2420.o)
 .any.text.set_object
                0x00004988        0x4 contiki-z1.a(cc2420.o)
 .any.text.strobe
                0x0000498c       0x1a contiki-z1.a(cc2420.o)
 .any.text.getreg
                0x000049a6       0x46 contiki-z1.a(cc2420.o)
 .any.text.setreg
                0x000049ec       0x44 contiki-z1.a(cc2420.o)
 .any.text.write_ram
                0x00004a30       0x72 contiki-z1.a(cc2420.o)
 .any.text.write_fifo_buf
                0x00004aa2       0x38 contiki-z1.a(cc2420.o)
 .any.text.get_status
                0x00004ada       0x1e contiki-z1.a(cc2420.o)
 .any.text.set_txpower
                0x00004af8       0x24 contiki-z1.a(cc2420.o)
 .any.text.cc2420_receiving_packet
                0x00004b1c        0xa contiki-z1.a(cc2420.o)
 .any.text.pending_packet
                0x00004b26        0xa contiki-z1.a(cc2420.o)
 .any.text.on   0x00004b30       0x1e contiki-z1.a(cc2420.o)
 .any.text.wait_for_transmission
                0x00004b4e       0x22 contiki-z1.a(cc2420.o)
 .any.text.wait_for_status
                0x00004b70       0x24 contiki-z1.a(cc2420.o)
 .any.text.getrxdata
                0x00004b94       0x4c contiki-z1.a(cc2420.o)
 .any.text.flushrx
                0x00004be0       0x1a contiki-z1.a(cc2420.o)
 .any.text.off  0x00004bfa       0x52 contiki-z1.a(cc2420.o)
 .any.text.RELEASE_LOCK
                0x00004c4c       0x28 contiki-z1.a(cc2420.o)
 .any.text.cc2420_prepare
                0x00004c74       0x38 contiki-z1.a(cc2420.o)
 .any.text.cc2420_on
                0x00004cac       0x22 contiki-z1.a(cc2420.o)
                0x00004cac                cc2420_on
 .any.text.cc2420_off
                0x00004cce       0x30 contiki-z1.a(cc2420.o)
                0x00004cce                cc2420_off
 .any.text.cc2420_cca
                0x00004cfe       0x54 contiki-z1.a(cc2420.o)
 .any.text.cc2420_read
                0x00004d52       0xa8 contiki-z1.a(cc2420.o)
 .any.text.process_thread_cc2420_process
                0x00004dfa       0x54 contiki-z1.a(cc2420.o)
 .any.text.cc2420_set_channel
                0x00004e4e       0x3a contiki-z1.a(cc2420.o)
                0x00004e4e                cc2420_set_channel
 .any.text.cc2420_set_pan_addr
                0x00004e88       0x4c contiki-z1.a(cc2420.o)
                0x00004e88                cc2420_set_pan_addr
 .any.text.cc2420_interrupt
                0x00004ed4       0x16 contiki-z1.a(cc2420.o)
                0x00004ed4                cc2420_interrupt
 .any.text.cc2420_set_txpower
                0x00004eea        0xe contiki-z1.a(cc2420.o)
                0x00004eea                cc2420_set_txpower
 .any.text.cc2420_get_txpower
                0x00004ef8       0x1e contiki-z1.a(cc2420.o)
                0x00004ef8                cc2420_get_txpower
 .any.text.cc2420_transmit
                0x00004f16      0x108 contiki-z1.a(cc2420.o)
 .any.text.cc2420_send
                0x0000501e       0x12 contiki-z1.a(cc2420.o)
 .any.text.cc2420_rssi
                0x00005030       0x48 contiki-z1.a(cc2420.o)
                0x00005030                cc2420_rssi
 .any.text.get_value
                0x00005078       0xa8 contiki-z1.a(cc2420.o)
 .any.text.cc2420_set_cca_threshold
                0x00005120       0x16 contiki-z1.a(cc2420.o)
                0x00005120                cc2420_set_cca_threshold
 .any.text.set_value
                0x00005136       0x80 contiki-z1.a(cc2420.o)
 .any.text.cc2420_init
                0x000051b6       0xd8 contiki-z1.a(cc2420.o)
                0x000051b6                cc2420_init
 .any.text.cc2420_arch_init
                0x0000528e       0x1a contiki-z1.a(cc2420-arch.o)
                0x0000528e                cc2420_arch_init
 .any.text.node_id_restore
                0x000052a8       0x4c contiki-z1.a(node-id.o)
                0x000052a8                node_id_restore
 .any.text.process_thread_sensors_process
                0x000052f4       0xc2 contiki-z1.a(sensors.o)
 .any.text.sensors_changed
                0x000053b6       0x2a contiki-z1.a(sensors.o)
                0x000053b6                sensors_changed
 .any.text.status
                0x000053e0       0x18 contiki-z1.a(button-sensor.o)
 .any.text.value
                0x000053f8       0x20 contiki-z1.a(button-sensor.o)
 .any.text.configure
                0x00005418       0x4e contiki-z1.a(button-sensor.o)
 .any.text.uart0_active
                0x00005466        0xe contiki-z1.a(uart0.o)
                0x00005466                uart0_active
 .any.text.uart0_writeb
                0x00005474       0x16 contiki-z1.a(uart0.o)
                0x00005474                uart0_writeb
 .any.text.uart0_init
                0x0000548a       0x40 contiki-z1.a(uart0.o)
                0x0000548a                uart0_init
 .any.text.putchar
                0x000054ca       0x10 contiki-z1.a(uart0-putchar.o)
                0x000054ca                putchar
 .any.text.accm_write_reg
                0x000054da       0x2e contiki-z1.a(adxl345.o)
                0x000054da                accm_write_reg
 .any.text.accm_write_stream
                0x00005508       0x2a contiki-z1.a(adxl345.o)
                0x00005508                accm_write_stream
 .any.text.accm_read_reg
                0x00005532       0x54 contiki-z1.a(adxl345.o)
                0x00005532                accm_read_reg
 .any.text.process_thread_accmeter_process
                0x00005586       0x56 contiki-z1.a(adxl345.o)
 .any.text.accm_init
                0x000055dc       0x8c contiki-z1.a(adxl345.o)
                0x000055dc                accm_init
 .any.text.clock_time
                0x00005668       0x1a contiki-z1.a(clock.o)
                0x00005668                clock_time
 .any.text.clock_init
                0x00005682       0x28 contiki-z1.a(clock.o)
                0x00005682                clock_init
 .any.text.clock_delay
                0x000056aa        0xc contiki-z1.a(clock.o)
                0x000056aa                clock_delay
 .any.text.clock_wait
                0x000056b6       0x24 contiki-z1.a(clock.o)
                0x000056b6                clock_wait
 .any.text.clock_seconds
                0x000056da       0x1a contiki-z1.a(clock.o)
                0x000056da                clock_seconds
 .any.text.leds_arch_init
                0x000056f4        0xe contiki-z1.a(leds-arch.o)
                0x000056f4                leds_arch_init
 .any.text.leds_arch_set
                0x00005702       0x38 contiki-z1.a(leds-arch.o)
                0x00005702                leds_arch_set
 .any.text.rtimer_arch_init
                0x0000573a        0xe contiki-z1.a(rtimer-arch.o)
                0x0000573a                rtimer_arch_init
 .any.text.rtimer_arch_now
                0x00005748        0xe contiki-z1.a(rtimer-arch.o)
                0x00005748                rtimer_arch_now
 .any.text.rtimer_arch_schedule
                0x00005756        0x6 contiki-z1.a(rtimer-arch.o)
                0x00005756                rtimer_arch_schedule
 .any.text.autostart_start
                0x0000575c       0x16 contiki-z1.a(autostart.o)
                0x0000575c                autostart_start
 .any.text.process_thread_ctimer_process
                0x00005772       0xa0 contiki-z1.a(ctimer.o)
 .any.text.ctimer_init
                0x00005812       0x18 contiki-z1.a(ctimer.o)
                0x00005812                ctimer_init
 .any.text.ctimer_set
                0x0000582a       0x48 contiki-z1.a(ctimer.o)
                0x0000582a                ctimer_set
 .any.text.ctimer_reset
                0x00005872       0x2c contiki-z1.a(ctimer.o)
                0x00005872                ctimer_reset
 .any.text.ctimer_stop
                0x0000589e       0x28 contiki-z1.a(ctimer.o)
                0x0000589e                ctimer_stop
 .any.text.energest_init
                0x000058c6       0x24 contiki-z1.a(energest.o)
                0x000058c6                energest_init
 .any.text.energest_type_time
                0x000058ea       0x3c contiki-z1.a(energest.o)
                0x000058ea                energest_type_time
 .any.text.energest_type_set
                0x00005926        0xc contiki-z1.a(energest.o)
                0x00005926                energest_type_set
 .any.text.energest_flush
                0x00005932       0x38 contiki-z1.a(energest.o)
                0x00005932                energest_flush
 .any.text.update_time
                0x0000596a       0x70 contiki-z1.a(etimer.o)
 .any.text.etimer_request_poll
                0x000059da        0xa contiki-z1.a(etimer.o)
                0x000059da                etimer_request_poll
 .any.text.process_thread_etimer_process
                0x000059e4       0xc4 contiki-z1.a(etimer.o)
 .any.text.add_timer
                0x00005aa8       0x40 contiki-z1.a(etimer.o)
 .any.text.etimer_set
                0x00005ae8       0x12 contiki-z1.a(etimer.o)
                0x00005ae8                etimer_set
 .any.text.etimer_reset
                0x00005afa       0x12 contiki-z1.a(etimer.o)
                0x00005afa                etimer_reset
 .any.text.etimer_restart
                0x00005b0c       0x12 contiki-z1.a(etimer.o)
                0x00005b0c                etimer_restart
 .any.text.etimer_expired
                0x00005b1e        0xe contiki-z1.a(etimer.o)
                0x00005b1e                etimer_expired
 .any.text.etimer_expiration_time
                0x00005b2c       0x14 contiki-z1.a(etimer.o)
                0x00005b2c                etimer_expiration_time
 .any.text.etimer_pending
                0x00005b40        0xc contiki-z1.a(etimer.o)
                0x00005b40                etimer_pending
 .any.text.etimer_next_expiration_time
                0x00005b4c       0x16 contiki-z1.a(etimer.o)
                0x00005b4c                etimer_next_expiration_time
 .any.text.etimer_stop
                0x00005b62       0x3e contiki-z1.a(etimer.o)
                0x00005b62                etimer_stop
 .any.text.call_process
                0x00005ba0       0x40 contiki-z1.a(process.o)
 .any.text.exit_process
                0x00005be0       0x88 contiki-z1.a(process.o)
 .any.text.do_poll
                0x00005c68       0x30 contiki-z1.a(process.o)
 .any.text.process_alloc_event
                0x00005c98        0xe contiki-z1.a(process.o)
                0x00005c98                process_alloc_event
 .any.text.process_init
                0x00005ca6       0x1c contiki-z1.a(process.o)
                0x00005ca6                process_init
 .any.text.process_run
                0x00005cc2       0xa4 contiki-z1.a(process.o)
                0x00005cc2                process_run
 .any.text.process_nevents
                0x00005d66        0xe contiki-z1.a(process.o)
                0x00005d66                process_nevents
 .any.text.process_post
                0x00005d74       0x50 contiki-z1.a(process.o)
                0x00005d74                process_post
 .any.text.process_post_synch
                0x00005dc4       0x12 contiki-z1.a(process.o)
                0x00005dc4                process_post_synch
 .any.text.process_start
                0x00005dd6       0x36 contiki-z1.a(process.o)
                0x00005dd6                process_start
 .any.text.process_poll
                0x00005e0c       0x18 contiki-z1.a(process.o)
                0x00005e0c                process_poll
 .any.text.rtimer_init
                0x00005e24        0x6 contiki-z1.a(rtimer.o)
                0x00005e24                rtimer_init
 .any.text.rtimer_set
                0x00005e2a       0x24 contiki-z1.a(rtimer.o)
                0x00005e2a                rtimer_set
 .any.text.rtimer_run_next
                0x00005e4e       0x26 contiki-z1.a(rtimer.o)
                0x00005e4e                rtimer_run_next
 .any.text.timer_set
                0x00005e74       0x1c contiki-z1.a(timer.o)
                0x00005e74                timer_set
 .any.text.timer_reset
                0x00005e90        0xe contiki-z1.a(timer.o)
                0x00005e90                timer_reset
 .any.text.timer_restart
                0x00005e9e       0x14 contiki-z1.a(timer.o)
                0x00005e9e                timer_restart
 .any.text.timer_expired
                0x00005eb2       0x2a contiki-z1.a(timer.o)
                0x00005eb2                timer_expired
 .any.text.list_init
                0x00005edc        0x6 contiki-z1.a(list.o)
                0x00005edc                list_init
 .any.text.list_head
                0x00005ee2        0x4 contiki-z1.a(list.o)
                0x00005ee2                list_head
 .any.text.list_tail
                0x00005ee6       0x12 contiki-z1.a(list.o)
                0x00005ee6                list_tail
 .any.text.list_remove
                0x00005ef8       0x34 contiki-z1.a(list.o)
                0x00005ef8                list_remove
 .any.text.list_push
                0x00005f2c       0x16 contiki-z1.a(list.o)
                0x00005f2c                list_push
 .any.text.list_add
                0x00005f42       0x26 contiki-z1.a(list.o)
                0x00005f42                list_add
 .any.text.list_length
                0x00005f68       0x10 contiki-z1.a(list.o)
                0x00005f68                list_length
 .any.text.list_item_next
                0x00005f78        0xc contiki-z1.a(list.o)
                0x00005f78                list_item_next
 .any.text.set_packet_attrs
                0x00005f84       0x46 contiki-z1.a(sicslowpan.o)
 .any.text.addr_context_lookup_by_number
                0x00005fca       0x30 contiki-z1.a(sicslowpan.o)
 .any.text.compress_addr_64
                0x00005ffa       0x9a contiki-z1.a(sicslowpan.o)
 .any.text.uncompress_addr
                0x00006094       0x96 contiki-z1.a(sicslowpan.o)
 .any.text.input
                0x0000612a      0x5e2 contiki-z1.a(sicslowpan.o)
 .any.text.sicslowpan_init
                0x0000670c       0x26 contiki-z1.a(sicslowpan.o)
                0x0000670c                sicslowpan_init
 .any.text.addr_context_lookup_by_prefix
                0x00006732       0x4a contiki-z1.a(sicslowpan.o)
 .any.text.packet_sent
                0x0000677c       0x22 contiki-z1.a(sicslowpan.o)
 .any.text.send_packet
                0x0000679e       0x1a contiki-z1.a(sicslowpan.o)
 .any.text.output
                0x000067b8      0x684 contiki-z1.a(sicslowpan.o)
 .any.text.chksum
                0x00006e3c       0x32 contiki-z1.a(uip6.o)
 .any.text.upper_layer_chksum
                0x00006e6e       0x56 contiki-z1.a(uip6.o)
 .any.text.ext_hdr_options_process
                0x00006ec4       0xc2 contiki-z1.a(uip6.o)
 .any.text.uip_add32
                0x00006f86       0x60 contiki-z1.a(uip6.o)
                0x00006f86                uip_add32
 .any.text.uip_add_rcv_nxt
                0x00006fe6       0x2e contiki-z1.a(uip6.o)
 .any.text.uip_icmp6chksum
                0x00007014        0xa contiki-z1.a(uip6.o)
                0x00007014                uip_icmp6chksum
 .any.text.uip_tcpchksum
                0x0000701e        0xa contiki-z1.a(uip6.o)
                0x0000701e                uip_tcpchksum
 .any.text.uip_udpchksum
                0x00007028        0xa contiki-z1.a(uip6.o)
                0x00007028                uip_udpchksum
 .any.text.uip_init
                0x00007032       0x62 contiki-z1.a(uip6.o)
                0x00007032                uip_init
 .any.text.remove_ext_hdr
                0x00007094       0x54 contiki-z1.a(uip6.o)
                0x00007094                remove_ext_hdr
 .any.text.uip_udp_new
                0x000070e8       0xb8 contiki-z1.a(uip6.o)
                0x000070e8                uip_udp_new
 .any.text.uip_unlisten
                0x000071a0       0x2a contiki-z1.a(uip6.o)
                0x000071a0                uip_unlisten
 .any.text.uip_process
                0x000071ca      0xdfe contiki-z1.a(uip6.o)
                0x000071ca                uip_process
 .any.text.uip_htonl
                0x00007fc8       0x2a contiki-z1.a(uip6.o)
                0x00007fc8                uip_htonl
 .any.text.uip_ds6_list_loop
                0x00007ff2       0x66 contiki-z1.a(uip-ds6.o)
                0x00007ff2                uip_ds6_list_loop
 .any.text.uip_ds6_prefix_add
                0x00008058       0x70 contiki-z1.a(uip-ds6.o)
                0x00008058                uip_ds6_prefix_add
 .any.text.uip_ds6_is_addr_onlink
                0x000080c8       0x42 contiki-z1.a(uip-ds6.o)
                0x000080c8                uip_ds6_is_addr_onlink
 .any.text.uip_ds6_addr_lookup
                0x0000810a       0x2a contiki-z1.a(uip-ds6.o)
                0x0000810a                uip_ds6_addr_lookup
 .any.text.uip_ds6_get_link_local
                0x00008134       0x3e contiki-z1.a(uip-ds6.o)
                0x00008134                uip_ds6_get_link_local
 .any.text.uip_ds6_maddr_add
                0x00008172       0x48 contiki-z1.a(uip-ds6.o)
                0x00008172                uip_ds6_maddr_add
 .any.text.uip_ds6_addr_add
                0x000081ba       0xb4 contiki-z1.a(uip-ds6.o)
                0x000081ba                uip_ds6_addr_add
 .any.text.uip_ds6_maddr_rm
                0x0000826e        0xa contiki-z1.a(uip-ds6.o)
                0x0000826e                uip_ds6_maddr_rm
 .any.text.uip_ds6_maddr_lookup
                0x00008278       0x2a contiki-z1.a(uip-ds6.o)
                0x00008278                uip_ds6_maddr_lookup
 .any.text.uip_ds6_addr_rm
                0x000082a2       0x54 contiki-z1.a(uip-ds6.o)
                0x000082a2                uip_ds6_addr_rm
 .any.text.uip_ds6_periodic
                0x000082f6       0x4a contiki-z1.a(uip-ds6.o)
                0x000082f6                uip_ds6_periodic
 .any.text.uip_ds6_set_addr_iid
                0x00008340       0x14 contiki-z1.a(uip-ds6.o)
                0x00008340                uip_ds6_set_addr_iid
 .any.text.get_match_length
                0x00008354       0x3c contiki-z1.a(uip-ds6.o)
                0x00008354                get_match_length
 .any.text.uip_ds6_select_src
                0x00008390       0x9a contiki-z1.a(uip-ds6.o)
                0x00008390                uip_ds6_select_src
 .any.text.uip_ds6_compute_reachable_time
                0x0000842a       0x36 contiki-z1.a(uip-ds6.o)
                0x0000842a                uip_ds6_compute_reachable_time
 .any.text.uip_ds6_init
                0x00008460      0x138 contiki-z1.a(uip-ds6.o)
                0x00008460                uip_ds6_init
 .any.text.uip_ds6_nbr_rm
                0x00008598       0x1a contiki-z1.a(uip-ds6-nbr.o)
                0x00008598                uip_ds6_nbr_rm
 .any.text.uip_ds6_neighbors_init
                0x000085b2        0xe contiki-z1.a(uip-ds6-nbr.o)
                0x000085b2                uip_ds6_neighbors_init
 .any.text.uip_ds6_nbr_add
                0x000085c0       0x54 contiki-z1.a(uip-ds6-nbr.o)
                0x000085c0                uip_ds6_nbr_add
 .any.text.uip_ds6_nbr_get_ll
                0x00008614        0xc contiki-z1.a(uip-ds6-nbr.o)
                0x00008614                uip_ds6_nbr_get_ll
 .any.text.uip_ds6_nbr_lookup
                0x00008620       0x3e contiki-z1.a(uip-ds6-nbr.o)
                0x00008620                uip_ds6_nbr_lookup
 .any.text.uip_ds6_nbr_ll_lookup
                0x0000865e        0xc contiki-z1.a(uip-ds6-nbr.o)
                0x0000865e                uip_ds6_nbr_ll_lookup
 .any.text.uip_ds6_nbr_ipaddr_from_lladdr
                0x0000866a        0x6 contiki-z1.a(uip-ds6-nbr.o)
                0x0000866a                uip_ds6_nbr_ipaddr_from_lladdr
 .any.text.uip_ds6_nbr_lladdr_from_ipaddr
                0x00008670       0x12 contiki-z1.a(uip-ds6-nbr.o)
                0x00008670                uip_ds6_nbr_lladdr_from_ipaddr
 .any.text.uip_ds6_link_neighbor_callback
                0x00008682       0x26 contiki-z1.a(uip-ds6-nbr.o)
                0x00008682                uip_ds6_link_neighbor_callback
 .any.text.uip_ds6_neighbor_periodic
                0x000086a8      0x11e contiki-z1.a(uip-ds6-nbr.o)
                0x000086a8                uip_ds6_neighbor_periodic
 .any.text.call_route_callback
                0x000087c6       0x40 contiki-z1.a(uip-ds6-route.o)
 .any.text.uip_ds6_route_init
                0x00008806       0x36 contiki-z1.a(uip-ds6-route.o)
                0x00008806                uip_ds6_route_init
 .any.text.uip_ds6_route_nexthop
                0x0000883c       0x1a contiki-z1.a(uip-ds6-route.o)
                0x0000883c                uip_ds6_route_nexthop
 .any.text.uip_ds6_route_head
                0x00008856        0xa contiki-z1.a(uip-ds6-route.o)
                0x00008856                uip_ds6_route_head
 .any.text.uip_ds6_route_next
                0x00008860        0xe contiki-z1.a(uip-ds6-route.o)
                0x00008860                uip_ds6_route_next
 .any.text.uip_ds6_route_lookup
                0x0000886e       0x6e contiki-z1.a(uip-ds6-route.o)
                0x0000886e                uip_ds6_route_lookup
 .any.text.uip_ds6_route_rm
                0x000088dc       0xa2 contiki-z1.a(uip-ds6-route.o)
                0x000088dc                uip_ds6_route_rm
 .any.text.rm_routelist
                0x0000897e       0x34 contiki-z1.a(uip-ds6-route.o)
 .any.text.rm_routelist_callback
                0x000089b2        0x6 contiki-z1.a(uip-ds6-route.o)
 .any.text.uip_ds6_route_add
                0x000089b8       0xf8 contiki-z1.a(uip-ds6-route.o)
                0x000089b8                uip_ds6_route_add
 .any.text.uip_ds6_defrt_rm
                0x00008ab0       0x44 contiki-z1.a(uip-ds6-route.o)
                0x00008ab0                uip_ds6_defrt_rm
 .any.text.uip_ds6_defrt_lookup
                0x00008af4       0x32 contiki-z1.a(uip-ds6-route.o)
                0x00008af4                uip_ds6_defrt_lookup
 .any.text.uip_ds6_defrt_add
                0x00008b26       0x68 contiki-z1.a(uip-ds6-route.o)
                0x00008b26                uip_ds6_defrt_add
 .any.text.uip_ds6_defrt_choose
                0x00008b8e       0x36 contiki-z1.a(uip-ds6-route.o)
                0x00008b8e                uip_ds6_defrt_choose
 .any.text.uip_ds6_defrt_periodic
                0x00008bc4       0x38 contiki-z1.a(uip-ds6-route.o)
                0x00008bc4                uip_ds6_defrt_periodic
 .any.text.echo_reply_input
                0x00008bfc      0x108 contiki-z1.a(uip-icmp6.o)
 .any.text.echo_request_input
                0x00008d04      0x128 contiki-z1.a(uip-icmp6.o)
 .any.text.uip_icmp6_input
                0x00008e2c       0x44 contiki-z1.a(uip-icmp6.o)
                0x00008e2c                uip_icmp6_input
 .any.text.uip_icmp6_register_input_handler
                0x00008e70        0xc contiki-z1.a(uip-icmp6.o)
                0x00008e70                uip_icmp6_register_input_handler
 .any.text.uip_icmp6_error_output
                0x00008e7c      0x16c contiki-z1.a(uip-icmp6.o)
                0x00008e7c                uip_icmp6_error_output
 .any.text.uip_icmp6_send
                0x00008fe8       0x84 contiki-z1.a(uip-icmp6.o)
                0x00008fe8                uip_icmp6_send
 .any.text.uip_icmp6_init
                0x0000906c       0x12 contiki-z1.a(uip-icmp6.o)
                0x0000906c                uip_icmp6_init
 .any.text.na_input
                0x0000907e      0x1a0 contiki-z1.a(uip-nd6.o)
 .any.text.ns_input
                0x0000921e      0x246 contiki-z1.a(uip-nd6.o)
 .any.text.uip_nd6_ns_output
                0x00009464      0x176 contiki-z1.a(uip-nd6.o)
                0x00009464                uip_nd6_ns_output
 .any.text.uip_nd6_init
                0x000095da       0x12 contiki-z1.a(uip-nd6.o)
                0x000095da                uip_nd6_init
 .any.text.process_thread_simple_udp_process
                0x000095ec       0x9e contiki-z1.a(simple-udp.o)
 .any.text.simple_udp_register
                0x0000968a       0x84 contiki-z1.a(simple-udp.o)
                0x0000968a                simple_udp_register
 .any.text.start_periodic_tcp_timer
                0x0000970e       0x16 contiki-z1.a(tcpip.o)
 .any.text.tcpip_output
                0x00009724       0x10 contiki-z1.a(tcpip.o)
                0x00009724                tcpip_output
 .any.text.tcpip_set_outputfunc
                0x00009734        0x6 contiki-z1.a(tcpip.o)
                0x00009734                tcpip_set_outputfunc
 .any.text.udp_new
                0x0000973a       0x1a contiki-z1.a(tcpip.o)
                0x0000973a                udp_new
 .any.text.tcpip_input
                0x00009754       0x16 contiki-z1.a(tcpip.o)
                0x00009754                tcpip_input
 .any.text.tcpip_ipv6_output
                0x0000976a      0x14e contiki-z1.a(tcpip.o)
                0x0000976a                tcpip_ipv6_output
 .any.text.process_thread_tcpip_process
                0x000098b8      0x1ba contiki-z1.a(tcpip.o)
 .any.text.tcpip_uipcall
                0x00009a72       0x70 contiki-z1.a(tcpip.o)
                0x00009a72                tcpip_uipcall
 .any.text.uip_debug_ipaddr_print
                0x00009ae2       0x72 contiki-z1.a(uip-debug.o)
                0x00009ae2                uip_debug_ipaddr_print
 .any.text.rpl_get_mode
                0x00009b54        0x6 contiki-z1.a(rpl.o)
                0x00009b54                rpl_get_mode
 .any.text.rpl_purge_routes
                0x00009b5a       0x96 contiki-z1.a(rpl.o)
                0x00009b5a                rpl_purge_routes
 .any.text.rpl_remove_routes
                0x00009bf0       0x22 contiki-z1.a(rpl.o)
                0x00009bf0                rpl_remove_routes
 .any.text.rpl_remove_routes_by_nexthop
                0x00009c12       0x3e contiki-z1.a(rpl.o)
                0x00009c12                rpl_remove_routes_by_nexthop
 .any.text.rpl_add_route
                0x00009c50       0x48 contiki-z1.a(rpl.o)
                0x00009c50                rpl_add_route
 .any.text.rpl_link_neighbor_callback
                0x00009c98       0x74 contiki-z1.a(rpl.o)
                0x00009c98                rpl_link_neighbor_callback
 .any.text.rpl_ipv6_neighbor_callback
                0x00009d0c       0x1e contiki-z1.a(rpl.o)
                0x00009d0c                rpl_ipv6_neighbor_callback
 .any.text.rpl_init
                0x00009d2a       0x4a contiki-z1.a(rpl.o)
                0x00009d2a                rpl_init
 .any.text.lollipop_greater_than
                0x00009d74       0x3c contiki-z1.a(rpl-dag.o)
 .any.text.find_parent_any_dag_any_instance
                0x00009db0       0x14 contiki-z1.a(rpl-dag.o)
 .any.text.rpl_set_preferred_parent
                0x00009dc4       0x2c contiki-z1.a(rpl-dag.o)
 .any.text.set_ip_from_prefix
                0x00009df0       0x30 contiki-z1.a(rpl-dag.o)
 .any.text.check_prefix
                0x00009e20       0x70 contiki-z1.a(rpl-dag.o)
 .any.text.rpl_get_nbr
                0x00009e90       0x1e contiki-z1.a(rpl-dag.o)
                0x00009e90                rpl_get_nbr
 .any.text.rpl_dag_init
                0x00009eae        0xe contiki-z1.a(rpl-dag.o)
                0x00009eae                rpl_dag_init
 .any.text.rpl_get_parent
                0x00009ebc        0xc contiki-z1.a(rpl-dag.o)
                0x00009ebc                rpl_get_parent
 .any.text.rpl_get_parent_ipaddr
                0x00009ec8       0x10 contiki-z1.a(rpl-dag.o)
                0x00009ec8                rpl_get_parent_ipaddr
 .any.text.rpl_set_prefix
                0x00009ed8       0x74 contiki-z1.a(rpl-dag.o)
                0x00009ed8                rpl_set_prefix
 .any.text.rpl_set_default_route
                0x00009f4c       0x60 contiki-z1.a(rpl-dag.o)
                0x00009f4c                rpl_set_default_route
 .any.text.rpl_alloc_instance
                0x00009fac       0x34 contiki-z1.a(rpl-dag.o)
                0x00009fac                rpl_alloc_instance
 .any.text.rpl_add_parent
                0x00009fe0       0x4e contiki-z1.a(rpl-dag.o)
                0x00009fe0                rpl_add_parent
 .any.text.rpl_find_parent
                0x0000a02e       0x1c contiki-z1.a(rpl-dag.o)
                0x0000a02e                rpl_find_parent
 .any.text.rpl_find_parent_any_dag
                0x0000a04a       0x24 contiki-z1.a(rpl-dag.o)
                0x0000a04a                rpl_find_parent_any_dag
 .any.text.rpl_select_parent
                0x0000a06e       0x76 contiki-z1.a(rpl-dag.o)
                0x0000a06e                rpl_select_parent
 .any.text.rpl_select_dag
                0x0000a0e4      0x196 contiki-z1.a(rpl-dag.o)
                0x0000a0e4                rpl_select_dag
 .any.text.rpl_nullify_parent
                0x0000a27a       0x50 contiki-z1.a(rpl-dag.o)
                0x0000a27a                rpl_nullify_parent
 .any.text.rpl_remove_parent
                0x0000a2ca       0x16 contiki-z1.a(rpl-dag.o)
                0x0000a2ca                rpl_remove_parent
 .any.text.nbr_callback
                0x0000a2e0        0x6 contiki-z1.a(rpl-dag.o)
 .any.text.remove_parents.constprop.5
                0x0000a2e6       0x2e contiki-z1.a(rpl-dag.o)
 .any.text.rpl_move_parent
                0x0000a314       0x52 contiki-z1.a(rpl-dag.o)
                0x0000a314                rpl_move_parent
 .any.text.rpl_get_any_dag
                0x0000a366       0x16 contiki-z1.a(rpl-dag.o)
                0x0000a366                rpl_get_any_dag
 .any.text.rpl_get_instance
                0x0000a37c       0x16 contiki-z1.a(rpl-dag.o)
                0x0000a37c                rpl_get_instance
 .any.text.rpl_alloc_dag
                0x0000a392       0x60 contiki-z1.a(rpl-dag.o)
                0x0000a392                rpl_alloc_dag
 .any.text.rpl_repair_root
                0x0000a3f2       0x4c contiki-z1.a(rpl-dag.o)
                0x0000a3f2                rpl_repair_root
 .any.text.rpl_find_of
                0x0000a43e       0x10 contiki-z1.a(rpl-dag.o)
                0x0000a43e                rpl_find_of
 .any.text.rpl_join_instance
                0x0000a44e      0x128 contiki-z1.a(rpl-dag.o)
                0x0000a44e                rpl_join_instance
 .any.text.rpl_local_repair
                0x0000a576       0x68 contiki-z1.a(rpl-dag.o)
                0x0000a576                rpl_local_repair
 .any.text.rpl_process_parent_event
                0x0000a5de       0x6c contiki-z1.a(rpl-dag.o)
                0x0000a5de                rpl_process_parent_event
 .any.text.rpl_recalculate_ranks
                0x0000a64a       0x46 contiki-z1.a(rpl-dag.o)
                0x0000a64a                rpl_recalculate_ranks
 .any.text.rpl_add_dag
                0x0000a690      0x102 contiki-z1.a(rpl-dag.o)
                0x0000a690                rpl_add_dag
 .any.text.rpl_process_dio
                0x0000a792      0x2e0 contiki-z1.a(rpl-dag.o)
                0x0000a792                rpl_process_dio
 .any.text.rpl_lock_parent
                0x0000aa72        0xc contiki-z1.a(rpl-dag.o)
                0x0000aa72                rpl_lock_parent
 .any.text.rpl_verify_header
                0x0000aa7e       0xae contiki-z1.a(rpl-ext-header.)
                0x0000aa7e                rpl_verify_header
 .any.text.rpl_update_header_empty
                0x0000ab2c      0x12a contiki-z1.a(rpl-ext-header.)
                0x0000ab2c                rpl_update_header_empty
 .any.text.rpl_update_header_final
                0x0000ac56       0x90 contiki-z1.a(rpl-ext-header.)
                0x0000ac56                rpl_update_header_final
 .any.text.rpl_invert_header
                0x0000ace6       0x74 contiki-z1.a(rpl-ext-header.)
                0x0000ace6                rpl_invert_header
 .any.text.rpl_insert_header
                0x0000ad5a       0x12 contiki-z1.a(rpl-ext-header.)
                0x0000ad5a                rpl_insert_header
 .any.text.get32
                0x0000ad6c       0x3e contiki-z1.a(rpl-icmp6.o)
 .any.text.set32
                0x0000adaa       0x2a contiki-z1.a(rpl-icmp6.o)
 .any.text.get16
                0x0000add4        0xe contiki-z1.a(rpl-icmp6.o)
 .any.text.set16
                0x0000ade2       0x10 contiki-z1.a(rpl-icmp6.o)
 .any.text.dao_ack_input
                0x0000adf2        0x6 contiki-z1.a(rpl-icmp6.o)
 .any.text.dio_input
                0x0000adf8      0x2b0 contiki-z1.a(rpl-icmp6.o)
 .any.text.dis_output
                0x0000b0a8       0x50 contiki-z1.a(rpl-icmp6.o)
                0x0000b0a8                dis_output
 .any.text.dio_output
                0x0000b0f8      0x242 contiki-z1.a(rpl-icmp6.o)
                0x0000b0f8                dio_output
 .any.text.dis_input
                0x0000b33a       0x28 contiki-z1.a(rpl-icmp6.o)
 .any.text.dao_output_target
                0x0000b362       0xd0 contiki-z1.a(rpl-icmp6.o)
                0x0000b362                dao_output_target
 .any.text.dao_output
                0x0000b432       0x68 contiki-z1.a(rpl-icmp6.o)
                0x0000b432                dao_output
 .any.text.dao_ack_output
                0x0000b49a       0x32 contiki-z1.a(rpl-icmp6.o)
                0x0000b49a                dao_ack_output
 .any.text.dao_input
                0x0000b4cc      0x288 contiki-z1.a(rpl-icmp6.o)
 .any.text.rpl_icmp6_register_handlers
                0x0000b754       0x22 contiki-z1.a(rpl-icmp6.o)
                0x0000b754                rpl_icmp6_register_handlers
 .any.text.reset
                0x0000b776        0x2 contiki-z1.a(rpl-mrhof.o)
 .any.text.update_metric_container
                0x0000b778        0x6 contiki-z1.a(rpl-mrhof.o)
 .any.text.calculate_rank
                0x0000b77e       0x3e contiki-z1.a(rpl-mrhof.o)
 .any.text.neighbor_link_callback
                0x0000b7bc       0x8c contiki-z1.a(rpl-mrhof.o)
 .any.text.best_dag
                0x0000b848       0x2e contiki-z1.a(rpl-mrhof.o)
 .any.text.best_parent
                0x0000b876       0x68 contiki-z1.a(rpl-mrhof.o)
 .any.text.new_dio_interval
                0x0000b8de       0x8a contiki-z1.a(rpl-timers.o)
 .any.text.set_dao_lifetime_timer
                0x0000b968       0x66 contiki-z1.a(rpl-timers.o)
 .any.text.handle_periodic_timer
                0x0000b9ce       0x2e contiki-z1.a(rpl-timers.o)
 .any.text.schedule_dao
                0x0000b9fc       0x72 contiki-z1.a(rpl-timers.o)
 .any.text.handle_dio_timer
                0x0000ba6e       0x88 contiki-z1.a(rpl-timers.o)
 .any.text.handle_dao_timer
                0x0000baf6       0x64 contiki-z1.a(rpl-timers.o)
 .any.text.rpl_reset_periodic_timer
                0x0000bb5a       0x54 contiki-z1.a(rpl-timers.o)
                0x0000bb5a                rpl_reset_periodic_timer
 .any.text.rpl_reset_dio_timer
                0x0000bbae       0x18 contiki-z1.a(rpl-timers.o)
                0x0000bbae                rpl_reset_dio_timer
 .any.text.rpl_schedule_dao
                0x0000bbc6        0xc contiki-z1.a(rpl-timers.o)
                0x0000bbc6                rpl_schedule_dao
 .any.text.rpl_schedule_probing
                0x0000bbd2       0x34 contiki-z1.a(rpl-timers.o)
                0x0000bbd2                rpl_schedule_probing
 .any.text.handle_probing_timer
                0x0000bc06      0x112 contiki-z1.a(rpl-timers.o)
 .any.text.linkaddr_copy
                0x0000bd18        0x8 contiki-z1.a(linkaddr.o)
                0x0000bd18                linkaddr_copy
 .any.text.linkaddr_cmp
                0x0000bd20       0x12 contiki-z1.a(linkaddr.o)
                0x0000bd20                linkaddr_cmp
 .any.text.linkaddr_set_node_addr
                0x0000bd32        0xc contiki-z1.a(linkaddr.o)
                0x0000bd32                linkaddr_set_node_addr
 .any.text.item_from_index
                0x0000bd3e       0x2a contiki-z1.a(nbr-table.o)
 .any.text.index_from_key
                0x0000bd68       0x26 contiki-z1.a(nbr-table.o)
 .any.text.index_from_item
                0x0000bd8e       0x1e contiki-z1.a(nbr-table.o)
 .any.text.nbr_set_bit
                0x0000bdac       0x50 contiki-z1.a(nbr-table.o)
 .any.text.index_from_lladdr
                0x0000bdfc       0x3e contiki-z1.a(nbr-table.o)
 .any.text.nbr_get_bit.constprop.0
                0x0000be3a       0x2c contiki-z1.a(nbr-table.o)
 .any.text.nbr_table_register
                0x0000be66       0x26 contiki-z1.a(nbr-table.o)
                0x0000be66                nbr_table_register
 .any.text.nbr_table_next
                0x0000be8c       0x4c contiki-z1.a(nbr-table.o)
                0x0000be8c                nbr_table_next
 .any.text.nbr_table_head
                0x0000bed8       0x36 contiki-z1.a(nbr-table.o)
                0x0000bed8                nbr_table_head
 .any.text.nbr_table_add_lladdr
                0x0000bf0e      0x110 contiki-z1.a(nbr-table.o)
                0x0000bf0e                nbr_table_add_lladdr
 .any.text.nbr_table_get_from_lladdr
                0x0000c01e       0x28 contiki-z1.a(nbr-table.o)
                0x0000c01e                nbr_table_get_from_lladdr
 .any.text.nbr_table_remove
                0x0000c046       0x2a contiki-z1.a(nbr-table.o)
                0x0000c046                nbr_table_remove
 .any.text.nbr_table_lock
                0x0000c070       0x10 contiki-z1.a(nbr-table.o)
                0x0000c070                nbr_table_lock
 .any.text.nbr_table_unlock
                0x0000c080       0x10 contiki-z1.a(nbr-table.o)
                0x0000c080                nbr_table_unlock
 .any.text.nbr_table_get_lladdr
                0x0000c090       0x20 contiki-z1.a(nbr-table.o)
                0x0000c090                nbr_table_get_lladdr
 .any.text.packetbuf_compact
                0x0000c0b0       0x2e contiki-z1.a(packetbuf.o)
                0x0000c0b0                packetbuf_compact
 .any.text.packetbuf_copyto
                0x0000c0de       0x46 contiki-z1.a(packetbuf.o)
                0x0000c0de                packetbuf_copyto
 .any.text.packetbuf_hdrreduce
                0x0000c124       0x1a contiki-z1.a(packetbuf.o)
                0x0000c124                packetbuf_hdrreduce
 .any.text.packetbuf_set_datalen
                0x0000c13e        0x6 contiki-z1.a(packetbuf.o)
                0x0000c13e                packetbuf_set_datalen
 .any.text.packetbuf_dataptr
                0x0000c144        0xe contiki-z1.a(packetbuf.o)
                0x0000c144                packetbuf_dataptr
 .any.text.packetbuf_hdrptr
                0x0000c152        0xa contiki-z1.a(packetbuf.o)
                0x0000c152                packetbuf_hdrptr
 .any.text.packetbuf_datalen
                0x0000c15c        0x6 contiki-z1.a(packetbuf.o)
                0x0000c15c                packetbuf_datalen
 .any.text.packetbuf_hdrlen
                0x0000c162       0x10 contiki-z1.a(packetbuf.o)
                0x0000c162                packetbuf_hdrlen
 .any.text.packetbuf_totlen
                0x0000c172        0xc contiki-z1.a(packetbuf.o)
                0x0000c172                packetbuf_totlen
 .any.text.packetbuf_hdralloc
                0x0000c17e       0x2a contiki-z1.a(packetbuf.o)
                0x0000c17e                packetbuf_hdralloc
 .any.text.packetbuf_attr_clear
                0x0000c1a8       0x28 contiki-z1.a(packetbuf.o)
                0x0000c1a8                packetbuf_attr_clear
 .any.text.packetbuf_clear
                0x0000c1d0       0x1a contiki-z1.a(packetbuf.o)
                0x0000c1d0                packetbuf_clear
 .any.text.packetbuf_copyfrom
                0x0000c1ea       0x2a contiki-z1.a(packetbuf.o)
                0x0000c1ea                packetbuf_copyfrom
 .any.text.packetbuf_attr_copyto
                0x0000c214       0x22 contiki-z1.a(packetbuf.o)
                0x0000c214                packetbuf_attr_copyto
 .any.text.packetbuf_attr_copyfrom
                0x0000c236       0x24 contiki-z1.a(packetbuf.o)
                0x0000c236                packetbuf_attr_copyfrom
 .any.text.packetbuf_holds_broadcast
                0x0000c25a        0xe contiki-z1.a(packetbuf.o)
                0x0000c25a                packetbuf_holds_broadcast
 .any.text.queuebuf_init
                0x0000c268       0x12 contiki-z1.a(queuebuf.o)
                0x0000c268                queuebuf_init
 .any.text.queuebuf_numfree
                0x0000c27a        0xa contiki-z1.a(queuebuf.o)
                0x0000c27a                queuebuf_numfree
 .any.text.queuebuf_new_from_packetbuf
                0x0000c284       0x4e contiki-z1.a(queuebuf.o)
                0x0000c284                queuebuf_new_from_packetbuf
 .any.text.queuebuf_update_attr_from_packetbuf
                0x0000c2d2       0x12 contiki-z1.a(queuebuf.o)
                0x0000c2d2                queuebuf_update_attr_from_packetbuf
 .any.text.queuebuf_update_from_packetbuf
                0x0000c2e4       0x22 contiki-z1.a(queuebuf.o)
                0x0000c2e4                queuebuf_update_from_packetbuf
 .any.text.queuebuf_free
                0x0000c306       0x2a contiki-z1.a(queuebuf.o)
                0x0000c306                queuebuf_free
 .any.text.queuebuf_to_packetbuf
                0x0000c330       0x32 contiki-z1.a(queuebuf.o)
                0x0000c330                queuebuf_to_packetbuf
 .any.text.queuebuf_attr
                0x0000c362        0xe contiki-z1.a(queuebuf.o)
                0x0000c362                queuebuf_attr
 .any.text.input_packet
                0x0000c370        0x6 contiki-z1.a(csma.o)
 .any.text.on   0x0000c376        0x6 contiki-z1.a(csma.o)
 .any.text.off  0x0000c37c        0x6 contiki-z1.a(csma.o)
 .any.text.channel_check_interval
                0x0000c382       0x10 contiki-z1.a(csma.o)
 .any.text.transmit_packet_list
                0x0000c392       0x24 contiki-z1.a(csma.o)
 .any.text.init
                0x0000c3b6       0x1a contiki-z1.a(csma.o)
 .any.text.send_packet
                0x0000c3d0      0x16e contiki-z1.a(csma.o)
 .any.text.free_packet
                0x0000c53e       0x94 contiki-z1.a(csma.o)
 .any.text.packet_sent
                0x0000c5d2      0x114 contiki-z1.a(csma.o)
 .any.text.create_frame.isra.0
                0x0000c6e6      0x104 contiki-z1.a(framer-802154.o)
 .any.text.create
                0x0000c7ea        0x8 contiki-z1.a(framer-802154.o)
 .any.text.hdr_length
                0x0000c7f2        0x8 contiki-z1.a(framer-802154.o)
 .any.text.parse
                0x0000c7fa       0xa2 contiki-z1.a(framer-802154.o)
 .any.text.framer_canonical_create_and_secure
                0x0000c89c       0x20 contiki-z1.a(framer.o)
                0x0000c89c                framer_canonical_create_and_secure
 .any.text.mac_call_sent_callback
                0x0000c8bc       0x14 contiki-z1.a(mac.o)
                0x0000c8bc                mac_call_sent_callback
 .any.text.duty_cycle
                0x0000c8d0        0x6 contiki-z1.a(contikimac.o)
 .any.text.init
                0x0000c8d6       0x2a contiki-z1.a(contikimac.o)
 .any.text.on   0x0000c900       0x1a contiki-z1.a(contikimac.o)
 .any.text.off  0x0000c91a       0x22 contiki-z1.a(contikimac.o)
 .any.text.recv_burst_off
                0x0000c93c        0xa contiki-z1.a(contikimac.o)
 .any.text.powercycle_turn_radio_off
                0x0000c946       0x14 contiki-z1.a(contikimac.o)
 .any.text.turn_off
                0x0000c95a       0x20 contiki-z1.a(contikimac.o)
 .any.text.turn_on
                0x0000c97a       0x30 contiki-z1.a(contikimac.o)
 .any.text.schedule_powercycle_fixed.part.5
                0x0000c9aa       0x34 contiki-z1.a(contikimac.o)
 .any.text.input_packet
                0x0000c9de       0x94 contiki-z1.a(contikimac.o)
 .any.text.send_packet.isra.7
                0x0000ca72      0x1d8 contiki-z1.a(contikimac.o)
 .any.text.qsend_list
                0x0000cc4a       0xb0 contiki-z1.a(contikimac.o)
 .any.text.qsend_packet
                0x0000ccfa       0x28 contiki-z1.a(contikimac.o)
 .any.text.powercycle
                0x0000cd22      0x1d2 contiki-z1.a(contikimac.o)
 .any.text.bootstrap
                0x0000cef4        0x4 contiki-z1.a(nullsec.o)
 .any.text.send
                0x0000cef8        0xa contiki-z1.a(nullsec.o)
 .any.text.on_frame_created
                0x0000cf02        0x4 contiki-z1.a(nullsec.o)
 .any.text.input
                0x0000cf06        0x6 contiki-z1.a(nullsec.o)
 .any.text.get_overhead
                0x0000cf0c        0x4 contiki-z1.a(nullsec.o)
 .any.text.i2c_receiveinit
                0x0000cf10       0x36 contiki-z1.a(i2cmaster.o)
                0x0000cf10                i2c_receiveinit
 .any.text.i2c_transmitinit
                0x0000cf46       0x30 contiki-z1.a(i2cmaster.o)
                0x0000cf46                i2c_transmitinit
 .any.text.i2c_receive_n
                0x0000cf76       0x3e contiki-z1.a(i2cmaster.o)
                0x0000cf76                i2c_receive_n
 .any.text.i2c_busy
                0x0000cfb4        0xa contiki-z1.a(i2cmaster.o)
                0x0000cfb4                i2c_busy
 .any.text.i2c_enable
                0x0000cfbe       0x22 contiki-z1.a(i2cmaster.o)
                0x0000cfbe                i2c_enable
 .any.text.i2c_transmit_n
                0x0000cfe0       0x14 contiki-z1.a(i2cmaster.o)
                0x0000cfe0                i2c_transmit_n
 .any.text.stimer_set
                0x0000cff4       0x1c contiki-z1.a(stimer.o)
                0x0000cff4                stimer_set
 .any.text.stimer_expired
                0x0000d010       0x30 contiki-z1.a(stimer.o)
                0x0000d010                stimer_expired
 .any.text.memb_init
                0x0000d040       0x36 contiki-z1.a(memb.o)
                0x0000d040                memb_init
 .any.text.memb_alloc
                0x0000d076       0x3e contiki-z1.a(memb.o)
                0x0000d076                memb_alloc
 .any.text.memb_free
                0x0000d0b4       0x3a contiki-z1.a(memb.o)
                0x0000d0b4                memb_free
 .any.text.memb_inmemb
                0x0000d0ee       0x2a contiki-z1.a(memb.o)
                0x0000d0ee                memb_inmemb
 .any.text.memb_numfree
                0x0000d118       0x26 contiki-z1.a(memb.o)
                0x0000d118                memb_numfree
 .any.text.random_rand
                0x0000d13e        0x6 contiki-z1.a(random.o)
                0x0000d13e                random_rand
 .any.text.field_len
                0x0000d144       0x8c contiki-z1.a(frame802154.o)
 .any.text.frame802154_hdrlen
                0x0000d1d0       0x2e contiki-z1.a(frame802154.o)
                0x0000d1d0                frame802154_hdrlen
 .any.text.frame802154_create
                0x0000d1fe      0x112 contiki-z1.a(frame802154.o)
                0x0000d1fe                frame802154_create
 .any.text.frame802154_parse
                0x0000d310      0x16c contiki-z1.a(frame802154.o)
                0x0000d310                frame802154_parse
 .any.text.mac_sequence_is_duplicate
                0x0000d47c       0x3c contiki-z1.a(mac-sequence.o)
                0x0000d47c                mac_sequence_is_duplicate
 .any.text.mac_sequence_register_seqno
                0x0000d4b8       0x6a contiki-z1.a(mac-sequence.o)
                0x0000d4b8                mac_sequence_register_seqno

.rodata         0x0000d524      0x337
                0x0000d524                . = ALIGN (0x2)
 *(.rodata .rodata.* .gnu.linkonce.r.*)
 .rodata.callback_function
                0x0000d524        0xe receiver_UDP.co
 .rodata.autostart_processes
                0x0000d532        0x4 receiver_UDP.co
                0x0000d532                autostart_processes
 .rodata        0x0000d536        0xc receiver_UDP.co
 .rodata        0x0000d542      0x115 obj_z1/contiki-z1-main.o
 *fill*         0x0000d657        0x1 00
 .rodata.get_value
                0x0000d658       0x38 contiki-z1.a(cc2420.o)
 .rodata.cc2420_driver
                0x0000d690       0x38 contiki-z1.a(cc2420.o)
                0x0000d690                cc2420_driver
 .rodata        0x0000d6c8        0xe contiki-z1.a(cc2420.o)
 .rodata.output_power
                0x0000d6d6       0x10 contiki-z1.a(cc2420.o)
 .rodata        0x0000d6e6        0x8 contiki-z1.a(sensors.o)
 .rodata        0x0000d6ee        0x7 contiki-z1.a(button-sensor.o)
 *fill*         0x0000d6f5        0x1 00
 .rodata.button_sensor
                0x0000d6f6        0xe contiki-z1.a(button-sensor.o)
                0x0000d6f6                button_sensor
 .rodata        0x0000d704       0x16 contiki-z1.a(adxl345.o)
 .rodata        0x0000d71a        0xf contiki-z1.a(ctimer.o)
 .rodata        0x0000d729        0xc contiki-z1.a(etimer.o)
 .rodata        0x0000d735        0xb contiki-z1.a(sicslowpan.o)
 .rodata.sicslowpan_driver
                0x0000d740        0xa contiki-z1.a(sicslowpan.o)
                0x0000d740                sicslowpan_driver
 .rodata.llprefix
                0x0000d74a        0x2 contiki-z1.a(sicslowpan.o)
                0x0000d74a                llprefix
 .rodata.unc_mxconf
                0x0000d74c        0x4 contiki-z1.a(sicslowpan.o)
                0x0000d74c                unc_mxconf
 .rodata.unc_ctxconf
                0x0000d750        0x4 contiki-z1.a(sicslowpan.o)
                0x0000d750                unc_ctxconf
 .rodata.unc_llconf
                0x0000d754        0x4 contiki-z1.a(sicslowpan.o)
                0x0000d754                unc_llconf
 .rodata.ttl_values
                0x0000d758        0x4 contiki-z1.a(sicslowpan.o)
 .rodata.uip_process
                0x0000d75c       0x40 contiki-z1.a(uip6.o)
 .rodata        0x0000d79c       0x13 contiki-z1.a(simple-udp.o)
 .rodata        0x0000d7af        0xd contiki-z1.a(tcpip.o)
 .rodata.uip_debug_ipaddr_print
                0x0000d7bc       0x15 contiki-z1.a(uip-debug.o)
 *fill*         0x0000d7d1        0x1 00
 .rodata.linkaddr_null
                0x0000d7d2        0x8 contiki-z1.a(linkaddr.o)
                0x0000d7d2                linkaddr_null
 .rodata        0x0000d7da        0x5 contiki-z1.a(csma.o)
 *fill*         0x0000d7df        0x1 00
 .rodata.csma_driver
                0x0000d7e0       0x1a contiki-z1.a(csma.o)
                0x0000d7e0                csma_driver
 .rodata.framer_802154
                0x0000d7fa       0x10 contiki-z1.a(framer-802154.o)
                0x0000d7fa                framer_802154
 .rodata        0x0000d80a        0xb contiki-z1.a(contikimac.o)
 *fill*         0x0000d815        0x1 00
 .rodata.contikimac_driver
                0x0000d816       0x1e contiki-z1.a(contikimac.o)
                0x0000d816                contikimac_driver
 .rodata        0x0000d834        0x8 contiki-z1.a(nullsec.o)
 .rodata.nullsec_driver
                0x0000d83c       0x16 contiki-z1.a(nullsec.o)
                0x0000d83c                nullsec_driver
 .rodata.CSWTCH.5
                0x0000d852        0x2 contiki-z1.a(frame802154.o)
 .rodata.vuprintf
                0x0000d854        0x7 /usr/local/msp430/bin/../lib/gcc/msp430/4.7.0/../../../../msp430/lib/mcpu-430x/mmpy-16/msr20/mc20/libc.a(vuprintf.o)
 *(.near.rodata .near.rodata.*)
                0x0000d85c                . = ALIGN (0x2)
                0x0000d85c                _etext = .

.data           0x00001100      0x148 load address 0x0000d85c
                0x00001100                . = ALIGN (0x2)
                0x00001100                __data_start = .
 *(.data .data.* .gnu.linkonce.d.*)
 .data.rcv_process
                0x00001100        0xc receiver_UDP.co
                0x00001100                rcv_process
 .data.sensors  0x0000110c        0x4 obj_z1/contiki-z1-main.o
                0x0000110c                sensors
 .data.cur_break
                0x00001110        0x2 contiki-z1.a(msp430.o)
 .data.cc2420_process
                0x00001112        0xc contiki-z1.a(cc2420.o)
                0x00001112                cc2420_process
 .data.sensors_process
                0x0000111e        0xc contiki-z1.a(sensors.o)
                0x0000111e                sensors_process
 .data.accmeter_process
                0x0000112a        0xc contiki-z1.a(adxl345.o)
                0x0000112a                accmeter_process
 .data.adxl345_default_settings
                0x00001136       0x16 contiki-z1.a(adxl345.o)
 .data.ctimer_process
                0x0000114c        0xc contiki-z1.a(ctimer.o)
                0x0000114c                ctimer_process
 .data.etimer_process
                0x00001158        0xc contiki-z1.a(etimer.o)
                0x00001158                etimer_process
 .data.ds6_neighbors
                0x00001164        0x2 contiki-z1.a(uip-ds6-nbr.o)
                0x00001164                ds6_neighbors
 .data.ds6_neighbors_struct
                0x00001166        0xa contiki-z1.a(uip-ds6-nbr.o)
 .data.routememb
                0x00001170        0x8 contiki-z1.a(uip-ds6-route.o)
 .data.defaultroutermemb
                0x00001178        0x8 contiki-z1.a(uip-ds6-route.o)
 .data.nbr_routes_struct
                0x00001180        0xa contiki-z1.a(uip-ds6-route.o)
 .data.neighborroutememb
                0x0000118a        0x8 contiki-z1.a(uip-ds6-route.o)
 .data.echo_request_handler
                0x00001192        0x8 contiki-z1.a(uip-icmp6.o)
 .data.echo_reply_handler
                0x0000119a        0x8 contiki-z1.a(uip-icmp6.o)
 .data.ns_input_handler
                0x000011a2        0x8 contiki-z1.a(uip-nd6.o)
 .data.na_input_handler
                0x000011aa        0x8 contiki-z1.a(uip-nd6.o)
 .data.simple_udp_process
                0x000011b2        0xc contiki-z1.a(simple-udp.o)
                0x000011b2                simple_udp_process
 .data.tcpip_process
                0x000011be        0xc contiki-z1.a(tcpip.o)
                0x000011be                tcpip_process
 .data.rpl_parents
                0x000011ca        0x2 contiki-z1.a(rpl-dag.o)
                0x000011ca                rpl_parents
 .data.rpl_parents_struct
                0x000011cc        0xa contiki-z1.a(rpl-dag.o)
 .data.dao_sequence
                0x000011d6        0x1 contiki-z1.a(rpl-icmp6.o)
 *fill*         0x000011d7        0x1 00
 .data.dis_handler
                0x000011d8        0x8 contiki-z1.a(rpl-icmp6.o)
 .data.dio_handler
                0x000011e0        0x8 contiki-z1.a(rpl-icmp6.o)
 .data.dao_handler
                0x000011e8        0x8 contiki-z1.a(rpl-icmp6.o)
 .data.dao_ack_handler
                0x000011f0        0x8 contiki-z1.a(rpl-icmp6.o)
 .data.rpl_mrhof
                0x000011f8       0x1a contiki-z1.a(rpl-mrhof.o)
                0x000011f8                rpl_mrhof
 .data.neighbor_addr_mem
                0x00001212        0x8 contiki-z1.a(nbr-table.o)
 .data.buframmem
                0x0000121a        0x8 contiki-z1.a(queuebuf.o)
 .data.bufmem   0x00001222        0x8 contiki-z1.a(queuebuf.o)
 .data.neighbor_memb
                0x0000122a        0x8 contiki-z1.a(csma.o)
 .data.packet_memb
                0x00001232        0x8 contiki-z1.a(csma.o)
 .data.metadata_memb
                0x0000123a        0x8 contiki-z1.a(csma.o)
 .data.prescale_lsb
                0x00001242        0x1 contiki-z1.a(i2cmaster.o)
                0x00001242                prescale_lsb
 *fill*         0x00001243        0x1 00
 .data.next     0x00001244        0x4 /usr/local/msp430/bin/../lib/gcc/msp430/4.7.0/../../../../msp430/lib/mcpu-430x/mmpy-16/msr20/mc20/libc.a(rand.o)
 *(.near.data .near.data.*)
                0x00001248                . = ALIGN (0x2)
                0x00001248                _edata = .
                0x0000d85c                __data_load_start = LOADADDR (.data)
                0x00000148                __data_size = SIZEOF (.data)

.bss            0x00001248     0x139c load address 0x0000d9a4
                0x00001248                __bss_start = .
 *(.bss .bss.*)
 .bss.broadcast_connection
                0x00001248       0x1e receiver_UDP.co
 .bss.irq_energest.4215
                0x00001266        0x4 obj_z1/contiki-z1-main.o
 .bss.leds      0x0000126a        0x1 contiki-z1.a(leds.o)
 *fill*         0x0000126b        0x1 00
 .bss.counter   0x0000126c        0x2 contiki-z1.a(watchdog.o)
 .bss.last_packet_timestamp
                0x0000126e        0x2 contiki-z1.a(cc2420.o)
 .bss.receive_on
                0x00001270        0x1 contiki-z1.a(cc2420.o)
 .bss.locked    0x00001271        0x1 contiki-z1.a(cc2420.o)
 .bss.lock_off  0x00001272        0x1 contiki-z1.a(cc2420.o)
 .bss.lock_on   0x00001273        0x1 contiki-z1.a(cc2420.o)
 .bss.channel   0x00001274        0x2 contiki-z1.a(cc2420.o)
 .bss.node_id   0x00001276        0x2 contiki-z1.a(node-id.o)
                0x00001276                node_id
 .bss.num_sensors
                0x00001278        0x1 contiki-z1.a(sensors.o)
 *fill*         0x00001279        0x1 00
 .bss.i.2078    0x0000127a        0x2 contiki-z1.a(sensors.o)
 .bss.events.2079
                0x0000127c        0x2 contiki-z1.a(sensors.o)
 .bss.debouncetimer
                0x0000127e        0x8 contiki-z1.a(button-sensor.o)
 .bss.transmitting
                0x00001286        0x1 contiki-z1.a(uart0.o)
 *fill*         0x00001287        0x1 00
 .bss.uart0_input_handler
                0x00001288        0x4 contiki-z1.a(uart0.o)
 .bss.int1_mask
                0x0000128c        0x2 contiki-z1.a(adxl345.o)
 .bss.int2_mask
                0x0000128e        0x2 contiki-z1.a(adxl345.o)
 .bss._ADXL345_STATUS
                0x00001290        0x2 contiki-z1.a(adxl345.o)
 .bss.suppressTimer1
                0x00001292        0x8 contiki-z1.a(adxl345.o)
 .bss.suppressTimer2
                0x0000129a        0x8 contiki-z1.a(adxl345.o)
 .bss.last_tar  0x000012a2        0x2 contiki-z1.a(clock.o)
 .bss.count     0x000012a4        0x4 contiki-z1.a(clock.o)
 .bss.seconds   0x000012a8        0x4 contiki-z1.a(clock.o)
 .bss.initialized
                0x000012ac        0x1 contiki-z1.a(ctimer.o)
 *fill*         0x000012ad        0x1 00
 .bss.ctimer_list_list
                0x000012ae        0x2 contiki-z1.a(ctimer.o)
 .bss.timerlist
                0x000012b0        0x2 contiki-z1.a(etimer.o)
 .bss.next_expiration
                0x000012b2        0x4 contiki-z1.a(etimer.o)
 .bss.poll_requested
                0x000012b6        0x1 contiki-z1.a(process.o)
 *fill*         0x000012b7        0x1 00
 .bss.process_current
                0x000012b8        0x2 contiki-z1.a(process.o)
                0x000012b8                process_current
 .bss.process_list
                0x000012ba        0x2 contiki-z1.a(process.o)
                0x000012ba                process_list
 .bss.lastevent
                0x000012bc        0x1 contiki-z1.a(process.o)
 .bss.fevent    0x000012bd        0x1 contiki-z1.a(process.o)
 .bss.nevents   0x000012be        0x1 contiki-z1.a(process.o)
 *fill*         0x000012bf        0x1 00
 .bss.events    0x000012c0       0x30 contiki-z1.a(process.o)
 .bss.ev.1857   0x000012f0        0x1 contiki-z1.a(process.o)
 *fill*         0x000012f1        0x1 00
 .bss.data.1858
                0x000012f2        0x2 contiki-z1.a(process.o)
 .bss.receiver.1859
                0x000012f4        0x2 contiki-z1.a(process.o)
 .bss.p.1860    0x000012f6        0x2 contiki-z1.a(process.o)
 .bss.snum.1875
                0x000012f8        0x1 contiki-z1.a(process.o)
 *fill*         0x000012f9        0x1 00
 .bss.next_rtimer
                0x000012fa        0x2 contiki-z1.a(rtimer.o)
 .bss.callback  0x000012fc        0x2 contiki-z1.a(sicslowpan.o)
 .bss.addr_contexts
                0x000012fe       0x14 contiki-z1.a(sicslowpan.o)
 .bss.uncomp_hdr_len
                0x00001312        0x1 contiki-z1.a(sicslowpan.o)
 .bss.packetbuf_hdr_len
                0x00001313        0x1 contiki-z1.a(sicslowpan.o)
 .bss.packetbuf_ptr
                0x00001314        0x2 contiki-z1.a(sicslowpan.o)
 .bss.my_tag    0x00001316        0x2 contiki-z1.a(sicslowpan.o)
 .bss.packetbuf_payload_len
                0x00001318        0x2 contiki-z1.a(sicslowpan.o)
 .bss.last_tx_status
                0x0000131a        0x2 contiki-z1.a(sicslowpan.o)
 .bss.hc06_ptr  0x0000131c        0x2 contiki-z1.a(sicslowpan.o)
 .bss.context   0x0000131e        0x2 contiki-z1.a(sicslowpan.o)
 .bss.last_rssi
                0x00001320        0x2 contiki-z1.a(sicslowpan.o)
 .bss.reass_timer
                0x00001322        0x8 contiki-z1.a(sicslowpan.o)
 .bss.sicslowpan_len
                0x0000132a        0x2 contiki-z1.a(sicslowpan.o)
 .bss.processed_ip_in_len
                0x0000132c        0x2 contiki-z1.a(sicslowpan.o)
 .bss.reass_tag
                0x0000132e        0x2 contiki-z1.a(sicslowpan.o)
 .bss.sicslowpan_aligned_buf
                0x00001330       0x8c contiki-z1.a(sicslowpan.o)
 .bss.uip_ext_opt_offset
                0x000013bc        0x1 contiki-z1.a(uip6.o)
                0x000013bc                uip_ext_opt_offset
 .bss.uip_ext_len
                0x000013bd        0x1 contiki-z1.a(uip6.o)
                0x000013bd                uip_ext_len
 .bss.uip_ext_bitmap
                0x000013be        0x1 contiki-z1.a(uip6.o)
                0x000013be                uip_ext_bitmap
 .bss.c         0x000013bf        0x1 contiki-z1.a(uip6.o)
 .bss.lastport  0x000013c0        0x2 contiki-z1.a(uip6.o)
 .bss.iss       0x000013c2        0x4 contiki-z1.a(uip6.o)
 .bss.tmp16     0x000013c6        0x2 contiki-z1.a(uip6.o)
 .bss.opt       0x000013c8        0x1 contiki-z1.a(uip6.o)
 *fill*         0x000013c9        0x1 00
 .bss.loc_fipaddr
                0x000013ca       0x10 contiki-z1.a(uip-ds6.o)
 .bss.locaddr   0x000013da        0x2 contiki-z1.a(uip-ds6.o)
 .bss.locprefix
                0x000013dc        0x2 contiki-z1.a(uip-ds6.o)
 .bss.locmaddr  0x000013de        0x2 contiki-z1.a(uip-ds6.o)
 .bss._ds6_neighbors_mem
                0x000013e0      0x23a contiki-z1.a(uip-ds6-nbr.o)
 .bss.notificationlist_list
                0x0000161a        0x2 contiki-z1.a(uip-ds6-route.o)
 .bss.defaultrouterlist_list
                0x0000161c        0x2 contiki-z1.a(uip-ds6-route.o)
 .bss.routelist_list
                0x0000161e        0x2 contiki-z1.a(uip-ds6-route.o)
 .bss.num_routes
                0x00001620        0x2 contiki-z1.a(uip-ds6-route.o)
 .bss.routememb_memb_count
                0x00001622        0xf contiki-z1.a(uip-ds6-route.o)
 *fill*         0x00001631        0x1 00
 .bss.routememb_memb_mem
                0x00001632      0x1c2 contiki-z1.a(uip-ds6-route.o)
 .bss.defaultroutermemb_memb_count
                0x000017f4        0x2 contiki-z1.a(uip-ds6-route.o)
 .bss.defaultroutermemb_memb_mem
                0x000017f6       0x38 contiki-z1.a(uip-ds6-route.o)
 .bss._nbr_routes_mem
                0x0000182e       0x3c contiki-z1.a(uip-ds6-route.o)
 .bss.neighborroutememb_memb_count
                0x0000186a        0xf contiki-z1.a(uip-ds6-route.o)
 *fill*         0x00001879        0x1 00
 .bss.neighborroutememb_memb_mem
                0x0000187a       0x3c contiki-z1.a(uip-ds6-route.o)
 .bss.input_handler_list_list
                0x000018b6        0x2 contiki-z1.a(uip-icmp6.o)
 .bss.tmp_ipaddr
                0x000018b8       0x10 contiki-z1.a(uip-icmp6.o)
 .bss.echo_reply_callback_list_list
                0x000018c8        0x2 contiki-z1.a(uip-icmp6.o)
 .bss.nd6_opt_offset
                0x000018ca        0x1 contiki-z1.a(uip-nd6.o)
 *fill*         0x000018cb        0x1 00
 .bss.nd6_opt_llao
                0x000018cc        0x2 contiki-z1.a(uip-nd6.o)
 .bss.addr      0x000018ce        0x2 contiki-z1.a(uip-nd6.o)
 .bss.nbr       0x000018d0        0x2 contiki-z1.a(uip-nd6.o)
 .bss.defrt     0x000018d2        0x2 contiki-z1.a(uip-nd6.o)
 .bss.databuffer
                0x000018d4       0x8c contiki-z1.a(simple-udp.o)
 .bss.started   0x00001960        0x1 contiki-z1.a(simple-udp.o)
 *fill*         0x00001961        0x1 00
 .bss.outputfunc
                0x00001962        0x4 contiki-z1.a(tcpip.o)
 .bss.i.4457    0x00001966        0x1 contiki-z1.a(tcpip.o)
 *fill*         0x00001967        0x1 00
 .bss.s         0x00001968       0x22 contiki-z1.a(tcpip.o)
 .bss.periodic  0x0000198a        0xc contiki-z1.a(tcpip.o)
 .bss.i.4401    0x00001996        0x1 contiki-z1.a(tcpip.o)
 .bss.i.4445    0x00001997        0x1 contiki-z1.a(tcpip.o)
 .bss.mode      0x00001998        0x2 contiki-z1.a(rpl.o)
 .bss._rpl_parents_mem
                0x0000199a       0xb4 contiki-z1.a(rpl-dag.o)
 .bss.next_dis  0x00001a4e        0x2 contiki-z1.a(rpl-timers.o)
 .bss.periodic_timer
                0x00001a50       0x16 contiki-z1.a(rpl-timers.o)
 .bss.dio_send_ok
                0x00001a66        0x1 contiki-z1.a(rpl-timers.o)
 *fill*         0x00001a67        0x1 00
 .bss.num_tables
                0x00001a68        0x2 contiki-z1.a(nbr-table.o)
 .bss.all_tables
                0x00001a6a       0x10 contiki-z1.a(nbr-table.o)
 .bss.used_map  0x00001a7a        0xf contiki-z1.a(nbr-table.o)
 *fill*         0x00001a89        0x1 00
 .bss.nbr_table_keys_list
                0x00001a8a        0x2 contiki-z1.a(nbr-table.o)
 .bss.locked_map
                0x00001a8c        0xf contiki-z1.a(nbr-table.o)
 .bss.neighbor_addr_mem_memb_count
                0x00001a9b        0xf contiki-z1.a(nbr-table.o)
 .bss.neighbor_addr_mem_memb_mem
                0x00001aaa       0x96 contiki-z1.a(nbr-table.o)
 .bss.bufptr    0x00001b40        0x2 contiki-z1.a(packetbuf.o)
 .bss.buflen    0x00001b42        0x2 contiki-z1.a(packetbuf.o)
 .bss.hdrptr    0x00001b44        0x1 contiki-z1.a(packetbuf.o)
 *fill*         0x00001b45        0x1 00
 .bss.packetbufptr
                0x00001b46        0x2 contiki-z1.a(packetbuf.o)
 .bss.packetbuf_aligned
                0x00001b48       0xb0 contiki-z1.a(packetbuf.o)
 .bss.buframmem_memb_count
                0x00001bf8        0x4 contiki-z1.a(queuebuf.o)
 .bss.buframmem_memb_mem
                0x00001bfc      0x2c0 contiki-z1.a(queuebuf.o)
 .bss.bufmem_memb_count
                0x00001ebc        0x4 contiki-z1.a(queuebuf.o)
 .bss.bufmem_memb_mem
                0x00001ec0        0x8 contiki-z1.a(queuebuf.o)
 .bss.initialized.2860
                0x00001ec8        0x1 contiki-z1.a(csma.o)
 *fill*         0x00001ec9        0x1 00
 .bss.seqno.2861
                0x00001eca        0x2 contiki-z1.a(csma.o)
 .bss.neighbor_list_list
                0x00001ecc        0x2 contiki-z1.a(csma.o)
 .bss.neighbor_memb_memb_count
                0x00001ece        0x2 contiki-z1.a(csma.o)
 .bss.neighbor_memb_memb_mem
                0x00001ed0       0x50 contiki-z1.a(csma.o)
 .bss.packet_memb_memb_count
                0x00001f20        0x4 contiki-z1.a(csma.o)
 .bss.packet_memb_memb_mem
                0x00001f24       0x18 contiki-z1.a(csma.o)
 .bss.metadata_memb_memb_count
                0x00001f3c        0x4 contiki-z1.a(csma.o)
 .bss.metadata_memb_memb_mem
                0x00001f40       0x20 contiki-z1.a(csma.o)
 .bss.initialized
                0x00001f60        0x1 contiki-z1.a(framer-802154.o)